<html>
<body>
<pre>
<h1>µVision Build Log</h1>
<h2>Tool Versions:</h2>
IDE-Version: ¦ÌVision V5.34.0.0
Copyright (C) 2021 ARM Ltd and ARM Germany GmbH. All rights reserved.
License Information: WAKKK WAKKK, WAKKK, LIC=UB4EI-T7R5H-79AG1-CSY7E-HSE4J-PYY6U
 
Tool Versions:
Toolchain:       MDK-ARM Professional  Version: 5.34.0.0
Toolchain Path:  C:\Keil_v5\ARM\ARMCC\Bin
C Compiler:      Armcc.exe V5.06 update 7 (build 960)
Assembler:       Armasm.exe V5.06 update 7 (build 960)
Linker/Locator:  ArmLink.exe V5.06 update 7 (build 960)
Library Manager: ArmAr.exe V5.06 update 7 (build 960)
Hex Converter:   FromElf.exe V5.06 update 7 (build 960)
CPU DLL:         SARMCM3.DLL V5.34.0.0
Dialog DLL:      DCM.DLL V1.17.3.0
Target DLL:      STLink\ST-LINKIII-KEIL_SWO.dll V3.0.8.0
Dialog DLL:      TCM.DLL V1.48.0.0
 
<h2>Project:</h2>
C:\Wakkk\Practice2024\F405-Quadrotor\MDK-ARM\STM32Cube.uvprojx
Project File Date:  07/11/2025

<h2>Output:</h2>
*** Using Compiler 'V5.06 update 7 (build 960)', folder: 'C:\Keil_v5\ARM\ARMCC\Bin'
Build target 'STM32Cube'
compiling system.c...
linking...
Program Size: Code=31578 RO-data=3342 RW-data=252 ZI-data=4020  
FromELF: creating hex file...
"STM32Cube\STM32Cube.axf" - 0 Error(s), 0 Warning(s).

<h2>Software Packages used:</h2>

Package Vendor: ARM
                http://www.keil.com/pack/ARM.CMSIS.5.7.0.pack
                ARM.CMSIS.5.7.0
                CMSIS (Cortex Microcontroller Software Interface Standard)
   * Component: CORE Version: 5.4.0

Package Vendor: ARM
                https://www.keil.com/pack/ARM.CMSIS-DSP.1.16.2.pack
                ARM.CMSIS-DSP.1.16.2
                CMSIS Embedded Compute Library
   * Component: DSP Variant: Source Version: 1.16.2

Package Vendor: Keil
                http://www.keil.com/pack/Keil.STM32F4xx_DFP.2.14.0.pack
                Keil.STM32F4xx_DFP.2.14.0
                STMicroelectronics STM32F4 Series Device Support, Drivers and Examples

<h2>Collection of Component include folders:</h2>
  .\RTE\_STM32Cube
  C:\Users\31615\AppData\Local\Arm\Packs\ARM\CMSIS-DSP\1.16.2\Include
  C:\Users\31615\AppData\Local\Arm\Packs\ARM\CMSIS-DSP\1.16.2\PrivateInclude
  C:\Users\31615\AppData\Local\Arm\Packs\ARM\CMSIS\5.7.0\CMSIS\Core\Include
  C:\Users\31615\AppData\Local\Arm\Packs\Keil\STM32F4xx_DFP\2.14.0\Drivers\CMSIS\Device\ST\STM32F4xx\Include

<h2>Collection of Component Files used:</h2>

   * Component: ARM::CMSIS:CORE:5.4.0
      Include file:  CMSIS\Core\Include\tz_context.h

   * Component: ARM::CMSIS:DSP:Source:1.16.2
      Source file:   Source\SVMFunctions\SVMFunctions.c
      Source file:   Source\ControllerFunctions\ControllerFunctions.c
      Include file:  Include\arm_math_f16.h
      Include file:  Include\arm_const_structs_f16.h
      Source file:   Source\BasicMathFunctions\BasicMathFunctions.c
      Source file:   Source\ComplexMathFunctions\ComplexMathFunctions.c
      Include file:  Include\arm_common_tables.h
      Include file:  Include\arm_common_tables_f16.h
      Source file:   Source\FilteringFunctions\FilteringFunctions.c
      Source file:   Source\CommonTables\CommonTables.c
      Source file:   Source\SupportFunctions\SupportFunctions.c
      Source file:   Source\TransformFunctions\TransformFunctions.c
      Source file:   Source\InterpolationFunctions\InterpolationFunctions.c
      Source file:   Source\QuaternionMathFunctions\QuaternionMathFunctions.c
      Include file:  Include\arm_math.h
      Include file:  Include\arm_const_structs.h
      Source file:   Source\BayesFunctions\BayesFunctions.c
      Source file:   Source\DistanceFunctions\DistanceFunctions.c
      Source file:   Source\FastMathFunctions\FastMathFunctions.c
      Source file:   Source\MatrixFunctions\MatrixFunctions.c
      Source file:   Source\StatisticsFunctions\StatisticsFunctions.c
      Source file:   Source\DistanceFunctions\DistanceFunctionsF16.c
      Source file:   Source\BayesFunctions\BayesFunctionsF16.c
      Source file:   Source\FilteringFunctions\FilteringFunctionsF16.c
      Source file:   Source\StatisticsFunctions\StatisticsFunctionsF16.c
      Source file:   Source\WindowFunctions\WindowFunctions.c
      Source file:   Source\CommonTables\CommonTablesF16.c
      Source file:   Source\SupportFunctions\SupportFunctionsF16.c
      Source file:   Source\BasicMathFunctions\BasicMathFunctionsF16.c
      Source file:   Source\TransformFunctions\TransformFunctionsF16.c
      Source file:   Source\MatrixFunctions\MatrixFunctionsF16.c
      Source file:   Source\SVMFunctions\SVMFunctionsF16.c
      Source file:   Source\FastMathFunctions\FastMathFunctionsF16.c
      Source file:   Source\ComplexMathFunctions\ComplexMathFunctionsF16.c
      Source file:   Source\InterpolationFunctions\InterpolationFunctionsF16.c
Build Time Elapsed:  00:00:03
</pre>
</body>
</html>
