Component: ARM Compiler 5.06 update 7 (build 960) Tool: armlink [4d3601]

==============================================================================

Section Cross References

    startup_stm32f405xx.o(STACK) refers (Special) to heapauxi.o(.text) for __use_two_region_memory
    startup_stm32f405xx.o(HEAP) refers (Special) to heapauxi.o(.text) for __use_two_region_memory
    startup_stm32f405xx.o(RESET) refers (Special) to heapauxi.o(.text) for __use_two_region_memory
    startup_stm32f405xx.o(RESET) refers to startup_stm32f405xx.o(STACK) for __initial_sp
    startup_stm32f405xx.o(RESET) refers to startup_stm32f405xx.o(.text) for Reset_Handler
    startup_stm32f405xx.o(RESET) refers to stm32f4xx_it.o(i.NMI_Handler) for NMI_Handler
    startup_stm32f405xx.o(RESET) refers to stm32f4xx_it.o(i.HardFault_Handler) for HardFault_Handler
    startup_stm32f405xx.o(RESET) refers to stm32f4xx_it.o(i.MemManage_Handler) for MemManage_Handler
    startup_stm32f405xx.o(RESET) refers to stm32f4xx_it.o(i.BusFault_Handler) for BusFault_Handler
    startup_stm32f405xx.o(RESET) refers to stm32f4xx_it.o(i.UsageFault_Handler) for UsageFault_Handler
    startup_stm32f405xx.o(RESET) refers to stm32f4xx_it.o(i.SVC_Handler) for SVC_Handler
    startup_stm32f405xx.o(RESET) refers to stm32f4xx_it.o(i.DebugMon_Handler) for DebugMon_Handler
    startup_stm32f405xx.o(RESET) refers to stm32f4xx_it.o(i.PendSV_Handler) for PendSV_Handler
    startup_stm32f405xx.o(RESET) refers to stm32f4xx_it.o(i.SysTick_Handler) for SysTick_Handler
    startup_stm32f405xx.o(RESET) refers to stm32f4xx_it.o(i.TIM3_IRQHandler) for TIM3_IRQHandler
    startup_stm32f405xx.o(RESET) refers to stm32f4xx_it.o(i.UART4_IRQHandler) for UART4_IRQHandler
    startup_stm32f405xx.o(RESET) refers to stm32f4xx_it.o(i.TIM6_DAC_IRQHandler) for TIM6_DAC_IRQHandler
    startup_stm32f405xx.o(RESET) refers to stm32f4xx_it.o(i.DMA2_Stream5_IRQHandler) for DMA2_Stream5_IRQHandler
    startup_stm32f405xx.o(RESET) refers to stm32f4xx_it.o(i.DMA2_Stream7_IRQHandler) for DMA2_Stream7_IRQHandler
    startup_stm32f405xx.o(.text) refers (Special) to heapauxi.o(.text) for __use_two_region_memory
    startup_stm32f405xx.o(.text) refers to system_stm32f4xx.o(i.SystemInit) for SystemInit
    startup_stm32f405xx.o(.text) refers to __main.o(!!!main) for __main
    startup_stm32f405xx.o(.text) refers to startup_stm32f405xx.o(HEAP) for Heap_Mem
    startup_stm32f405xx.o(.text) refers to startup_stm32f405xx.o(STACK) for Stack_Mem
    main.o(i.SystemClock_Config) refers to stm32f4xx_hal_rcc.o(i.HAL_RCC_OscConfig) for HAL_RCC_OscConfig
    main.o(i.SystemClock_Config) refers to stm32f4xx_hal_rcc.o(i.HAL_RCC_ClockConfig) for HAL_RCC_ClockConfig
    main.o(i.main) refers to stm32f4xx_hal.o(i.HAL_Init) for HAL_Init
    main.o(i.main) refers to main.o(i.SystemClock_Config) for SystemClock_Config
    main.o(i.main) refers to gpio.o(i.MX_GPIO_Init) for MX_GPIO_Init
    main.o(i.main) refers to dma.o(i.MX_DMA_Init) for MX_DMA_Init
    main.o(i.main) refers to adc.o(i.MX_ADC1_Init) for MX_ADC1_Init
    main.o(i.main) refers to i2c.o(i.MX_I2C1_Init) for MX_I2C1_Init
    main.o(i.main) refers to i2c.o(i.MX_I2C2_Init) for MX_I2C2_Init
    main.o(i.main) refers to spi.o(i.MX_SPI1_Init) for MX_SPI1_Init
    main.o(i.main) refers to spi.o(i.MX_SPI2_Init) for MX_SPI2_Init
    main.o(i.main) refers to tim.o(i.MX_TIM1_Init) for MX_TIM1_Init
    main.o(i.main) refers to tim.o(i.MX_TIM2_Init) for MX_TIM2_Init
    main.o(i.main) refers to tim.o(i.MX_TIM3_Init) for MX_TIM3_Init
    main.o(i.main) refers to usart.o(i.MX_UART4_Init) for MX_UART4_Init
    main.o(i.main) refers to usart.o(i.MX_UART5_Init) for MX_UART5_Init
    main.o(i.main) refers to usart.o(i.MX_USART1_UART_Init) for MX_USART1_UART_Init
    main.o(i.main) refers to usart.o(i.MX_USART2_UART_Init) for MX_USART2_UART_Init
    main.o(i.main) refers to usart.o(i.MX_USART3_UART_Init) for MX_USART3_UART_Init
    main.o(i.main) refers to usart.o(i.MX_USART6_UART_Init) for MX_USART6_UART_Init
    main.o(i.main) refers to tim.o(i.MX_TIM6_Init) for MX_TIM6_Init
    main.o(i.main) refers to system.o(i.system_init) for system_init
    main.o(i.main) refers to system.o(i.system_loop) for system_loop
    gpio.o(i.MX_GPIO_Init) refers to stm32f4xx_hal_gpio.o(i.HAL_GPIO_WritePin) for HAL_GPIO_WritePin
    gpio.o(i.MX_GPIO_Init) refers to stm32f4xx_hal_gpio.o(i.HAL_GPIO_Init) for HAL_GPIO_Init
    adc.o(i.MX_ADC1_Init) refers to stm32f4xx_ll_gpio.o(i.LL_GPIO_Init) for LL_GPIO_Init
    adc.o(i.MX_ADC1_Init) refers to stm32f4xx_ll_adc.o(i.LL_ADC_Init) for LL_ADC_Init
    adc.o(i.MX_ADC1_Init) refers to stm32f4xx_ll_adc.o(i.LL_ADC_REG_Init) for LL_ADC_REG_Init
    adc.o(i.MX_ADC1_Init) refers to stm32f4xx_ll_adc.o(i.LL_ADC_CommonInit) for LL_ADC_CommonInit
    i2c.o(i.HAL_I2C_MspDeInit) refers to stm32f4xx_hal_gpio.o(i.HAL_GPIO_DeInit) for HAL_GPIO_DeInit
    i2c.o(i.HAL_I2C_MspInit) refers to stm32f4xx_hal_gpio.o(i.HAL_GPIO_Init) for HAL_GPIO_Init
[...]
    _terminateio                              - Undefined Weak Reference
    __Vectors_Size                           0x00000188   Number         0  startup_stm32f405xx.o ABSOLUTE
    __Vectors                                0x08000000   Data           4  startup_stm32f405xx.o(RESET)
    __Vectors_End                            0x08000188   Data           0  startup_stm32f405xx.o(RESET)
    __main                                   0x08000189   Thumb Code     8  __main.o(!!!main)
    __scatterload                            0x08000191   Thumb Code     0  __scatter.o(!!!scatter)
    __scatterload_rt2                        0x08000191   Thumb Code    44  __scatter.o(!!!scatter)
    __scatterload_rt2_thumb_only             0x08000191   Thumb Code     0  __scatter.o(!!!scatter)
    __scatterload_null                       0x0800019f   Thumb Code     0  __scatter.o(!!!scatter)
    __scatterload_copy                       0x080001c5   Thumb Code    26  __scatter_copy.o(!!handler_copy)
    __scatterload_zeroinit                   0x080001e1   Thumb Code    28  __scatter_zi.o(!!handler_zi)
    _printf_n                                0x080001fd   Thumb Code     0  _printf_n.o(.ARM.Collect$$_printf_percent$$00000001)
    _printf_percent                          0x080001fd   Thumb Code     0  _printf_percent.o(.ARM.Collect$$_printf_percent$$00000000)
    _printf_p                                0x08000203   Thumb Code     0  _printf_p.o(.ARM.Collect$$_printf_percent$$00000002)
    _printf_f                                0x08000209   Thumb Code     0  _printf_f.o(.ARM.Collect$$_printf_percent$$00000003)
    _printf_e                                0x0800020f   Thumb Code     0  _printf_e.o(.ARM.Collect$$_printf_percent$$00000004)
    _printf_g                                0x08000215   Thumb Code     0  _printf_g.o(.ARM.Collect$$_printf_percent$$00000005)
    _printf_a                                0x0800021b   Thumb Code     0  _printf_a.o(.ARM.Collect$$_printf_percent$$00000006)
    _printf_ll                               0x08000221   Thumb Code     0  _printf_ll.o(.ARM.Collect$$_printf_percent$$00000007)
    _printf_i                                0x0800022b   Thumb Code     0  _printf_i.o(.ARM.Collect$$_printf_percent$$00000008)
    _printf_d                                0x08000231   Thumb Code     0  _printf_d.o(.ARM.Collect$$_printf_percent$$00000009)
    _printf_u                                0x08000237   Thumb Code     0  _printf_u.o(.ARM.Collect$$_printf_percent$$0000000A)
    _printf_o                                0x0800023d   Thumb Code     0  _printf_o.o(.ARM.Collect$$_printf_percent$$0000000B)
    _printf_x                                0x08000243   Thumb Code     0  _printf_x.o(.ARM.Collect$$_printf_percent$$0000000C)
    _printf_lli                              0x08000249   Thumb Code     0  _printf_lli.o(.ARM.Collect$$_printf_percent$$0000000D)
    _printf_lld                              0x0800024f   Thumb Code     0  _printf_lld.o(.ARM.Collect$$_printf_percent$$0000000E)
    _printf_llu                              0x08000255   Thumb Code     0  _printf_llu.o(.ARM.Collect$$_printf_percent$$0000000F)
    _printf_llo                              0x0800025b   Thumb Code     0  _printf_llo.o(.ARM.Collect$$_printf_percent$$00000010)
    _printf_llx                              0x08000261   Thumb Code     0  _printf_llx.o(.ARM.Collect$$_printf_percent$$00000011)
    _printf_l                                0x08000267   Thumb Code     0  _printf_l.o(.ARM.Collect$$_printf_percent$$00000012)
    _printf_c                                0x08000271   Thumb Code     0  _printf_c.o(.ARM.Collect$$_printf_percent$$00000013)
    _printf_s                                0x08000277   Thumb Code     0  _printf_s.o(.ARM.Collect$$_printf_percent$$00000014)
    _printf_lc                               0x0800027d   Thumb Code     0  _printf_lc.o(.ARM.Collect$$_printf_percent$$00000015)
    _printf_ls                               0x08000283   Thumb Code     0  _printf_ls.o(.ARM.Collect$$_printf_percent$$00000016)
    _printf_percent_end                      0x08000289   Thumb Code     0  _printf_percent_end.o(.ARM.Collect$$_printf_percent$$00000017)
    __rt_lib_init                            0x0800028d   Thumb Code     0  libinit.o(.ARM.Collect$$libinit$$00000000)
    __rt_lib_init_fp_1                       0x0800028f   Thumb Code     0  libinit2.o(.ARM.Collect$$libinit$$00000001)
    __rt_lib_init_heap_1                     0x08000293   Thumb Code     0  libinit2.o(.ARM.Collect$$libinit$$0000000A)
    __rt_lib_init_lc_common                  0x08000293   Thumb Code     0  libinit2.o(.ARM.Collect$$libinit$$0000000F)
    __rt_lib_init_preinit_1                  0x08000293   Thumb Code     0  libinit2.o(.ARM.Collect$$libinit$$00000004)
    __rt_lib_init_rand_1                     0x08000293   Thumb Code     0  libinit2.o(.ARM.Collect$$libinit$$0000000E)
    __rt_lib_init_user_alloc_1               0x08000293   Thumb Code     0  libinit2.o(.ARM.Collect$$libinit$$0000000C)
    __rt_lib_init_lc_collate_1               0x08000299   Thumb Code     0  libinit2.o(.ARM.Collect$$libinit$$00000011)
    __rt_lib_init_lc_ctype_2                 0x08000299   Thumb Code     0  libinit2.o(.ARM.Collect$$libinit$$00000012)
    __rt_lib_init_lc_ctype_1                 0x080002a5   Thumb Code     0  libinit2.o(.ARM.Collect$$libinit$$00000013)
    __rt_lib_init_lc_monetary_1              0x080002a5   Thumb Code     0  libinit2.o(.ARM.Collect$$libinit$$00000015)
    __rt_lib_init_lc_numeric_2               0x080002a5   Thumb Code     0  libinit2.o(.ARM.Collect$$libinit$$00000016)
    __rt_lib_init_alloca_1                   0x080002af   Thumb Code     0  libinit2.o(.ARM.Collect$$libinit$$0000002E)
    __rt_lib_init_argv_1                     0x080002af   Thumb Code     0  libinit2.o(.ARM.Collect$$libinit$$0000002C)
    __rt_lib_init_atexit_1                   0x080002af   Thumb Code     0  libinit2.o(.ARM.Collect$$libinit$$0000001B)
    __rt_lib_init_clock_1                    0x080002af   Thumb Code     0  libinit2.o(.ARM.Collect$$libinit$$00000021)
    __rt_lib_init_cpp_1                      0x080002af   Thumb Code     0  libinit2.o(.ARM.Collect$$libinit$$00000032)
    __rt_lib_init_exceptions_1               0x080002af   Thumb Code     0  libinit2.o(.ARM.Collect$$libinit$$00000030)
    __rt_lib_init_fp_trap_1                  0x080002af   Thumb Code     0  libinit2.o(.ARM.Collect$$libinit$$0000001F)
    __rt_lib_init_getenv_1                   0x080002af   Thumb Code     0  libinit2.o(.ARM.Collect$$libinit$$00000023)
    __rt_lib_init_lc_numeric_1               0x080002af   Thumb Code     0  libinit2.o(.ARM.Collect$$libinit$$00000017)
    __rt_lib_init_lc_time_1                  0x080002af   Thumb Code     0  libinit2.o(.ARM.Collect$$libinit$$00000019)
    __rt_lib_init_return                     0x080002af   Thumb Code     0  libinit2.o(.ARM.Collect$$libinit$$00000033)
    __rt_lib_init_signal_1                   0x080002af   Thumb Code     0  libinit2.o(.ARM.Collect$$libinit$$0000001D)
    __rt_lib_init_stdio_1                    0x080002af   Thumb Code     0  libinit2.o(.ARM.Collect$$libinit$$00000025)
    __rt_lib_shutdown                        0x080002b1   Thumb Code     0  libshutdown.o(.ARM.Collect$$libshutdown$$00000000)
    __rt_lib_shutdown_cpp_1                  0x080002b3   Thumb Code     0  libshutdown2.o(.ARM.Collect$$libshutdown$$00000004)
    __rt_lib_shutdown_fini_1                 0x080002b3   Thumb Code     0  libshutdown2.o(.ARM.Collect$$libshutdown$$00000002)
    __rt_lib_shutdown_fp_trap_1              0x080002b3   Thumb Code     0  libshutdown2.o(.ARM.Collect$$libshutdown$$00000009)
    __rt_lib_shutdown_heap_1                 0x080002b3   Thumb Code     0  libshutdown2.o(.ARM.Collect$$libshutdown$$00000011)
    __rt_lib_shutdown_return                 0x080002b3   Thumb Code     0  libshutdown2.o(.ARM.Collect$$libshutdown$$00000012)
    __rt_lib_shutdown_signal_1               0x080002b3   Thumb Code     0  libshutdown2.o(.ARM.Collect$$libshutdown$$0000000C)
    __rt_lib_shutdown_stdio_1                0x080002b3   Thumb Code     0  libshutdown2.o(.ARM.Collect$$libshutdown$$00000006)
    __rt_lib_shutdown_user_alloc_1           0x080002b3   Thumb Code     0  libshutdown2.o(.ARM.Collect$$libshutdown$$0000000E)
    __rt_entry                               0x080002b5   Thumb Code     0  __rtentry.o(.ARM.Collect$$rtentry$$00000000)
    __rt_entry_presh_1                       0x080002b5   Thumb Code     0  __rtentry2.o(.ARM.Collect$$rtentry$$00000002)
    __rt_entry_sh                            0x080002b5   Thumb Code     0  __rtentry4.o(.ARM.Collect$$rtentry$$00000004)
    __rt_entry_li                            0x080002bb   Thumb Code     0  __rtentry2.o(.ARM.Collect$$rtentry$$0000000A)
    __rt_entry_postsh_1                      0x080002bb   Thumb Code     0  __rtentry2.o(.ARM.Collect$$rtentry$$00000009)
    __rt_entry_main                          0x080002bf   Thumb Code     0  __rtentry2.o(.ARM.Collect$$rtentry$$0000000D)
    __rt_entry_postli_1                      0x080002bf   Thumb Code     0  __rtentry2.o(.ARM.Collect$$rtentry$$0000000C)
    __rt_exit                                0x080002c7   Thumb Code     0  rtexit.o(.ARM.Collect$$rtexit$$00000000)
    __rt_exit_ls                             0x080002c9   Thumb Code     0  rtexit2.o(.ARM.Collect$$rtexit$$00000003)
    __rt_exit_prels_1                        0x080002c9   Thumb Code     0  rtexit2.o(.ARM.Collect$$rtexit$$00000002)
    __rt_exit_exit                           0x080002cd   Thumb Code     0  rtexit2.o(.ARM.Collect$$rtexit$$00000004)
    Reset_Handler                            0x080002d5   Thumb Code     8  startup_stm32f405xx.o(.text)
    ADC_IRQHandler                           0x080002ef   Thumb Code     0  startup_stm32f405xx.o(.text)
    CAN1_RX0_IRQHandler                      0x080002ef   Thumb Code     0  startup_stm32f405xx.o(.text)
    CAN1_RX1_IRQHandler                      0x080002ef   Thumb Code     0  startup_stm32f405xx.o(.text)
    CAN1_SCE_IRQHandler                      0x080002ef   Thumb Code     0  startup_stm32f405xx.o(.text)
    CAN1_TX_IRQHandler                       0x080002ef   Thumb Code     0  startup_stm32f405xx.o(.text)
    CAN2_RX0_IRQHandler                      0x080002ef   Thumb Code     0  startup_stm32f405xx.o(.text)
    CAN2_RX1_IRQHandler                      0x080002ef   Thumb Code     0  startup_stm32f405xx.o(.text)
    CAN2_SCE_IRQHandler                      0x080002ef   Thumb Code     0  startup_stm32f405xx.o(.text)
    CAN2_TX_IRQHandler                       0x080002ef   Thumb Code     0  startup_stm32f405xx.o(.text)
    DMA1_Stream0_IRQHandler                  0x080002ef   Thumb Code     0  startup_stm32f405xx.o(.text)
    DMA1_Stream1_IRQHandler                  0x080002ef   Thumb Code     0  startup_stm32f405xx.o(.text)
    DMA1_Stream2_IRQHandler                  0x080002ef   Thumb Code     0  startup_stm32f405xx.o(.text)
    DMA1_Stream3_IRQHandler                  0x080002ef   Thumb Code     0  startup_stm32f405xx.o(.text)
    DMA1_Stream4_IRQHandler                  0x080002ef   Thumb Code     0  startup_stm32f405xx.o(.text)
    DMA1_Stream5_IRQHandler                  0x080002ef   Thumb Code     0  startup_stm32f405xx.o(.text)
    DMA1_Stream6_IRQHandler                  0x080002ef   Thumb Code     0  startup_stm32f405xx.o(.text)
    DMA1_Stream7_IRQHandler                  0x080002ef   Thumb Code     0  startup_stm32f405xx.o(.text)
    DMA2_Stream0_IRQHandler                  0x080002ef   Thumb Code     0  startup_stm32f405xx.o(.text)
    DMA2_Stream1_IRQHandler                  0x080002ef   Thumb Code     0  startup_stm32f405xx.o(.text)
    DMA2_Stream2_IRQHandler                  0x080002ef   Thumb Code     0  startup_stm32f405xx.o(.text)
    DMA2_Stream3_IRQHandler                  0x080002ef   Thumb Code     0  startup_stm32f405xx.o(.text)
    DMA2_Stream4_IRQHandler                  0x080002ef   Thumb Code     0  startup_stm32f405xx.o(.text)
    DMA2_Stream6_IRQHandler                  0x080002ef   Thumb Code     0  startup_stm32f405xx.o(.text)
    EXTI0_IRQHandler                         0x080002ef   Thumb Code     0  startup_stm32f405xx.o(.text)
    EXTI15_10_IRQHandler                     0x080002ef   Thumb Code     0  startup_stm32f405xx.o(.text)
    EXTI1_IRQHandler                         0x080002ef   Thumb Code     0  startup_stm32f405xx.o(.text)
    EXTI2_IRQHandler                         0x080002ef   Thumb Code     0  startup_stm32f405xx.o(.text)
    EXTI3_IRQHandler                         0x080002ef   Thumb Code     0  startup_stm32f405xx.o(.text)
    EXTI4_IRQHandler                         0x080002ef   Thumb Code     0  startup_stm32f405xx.o(.text)
    EXTI9_5_IRQHandler                       0x080002ef   Thumb Code     0  startup_stm32f405xx.o(.text)
    FLASH_IRQHandler                         0x080002ef   Thumb Code     0  startup_stm32f405xx.o(.text)
    FMC_IRQHandler                           0x080002ef   Thumb Code     0  startup_stm32f405xx.o(.text)
    FPU_IRQHandler                           0x080002ef   Thumb Code     0  startup_stm32f405xx.o(.text)
    HASH_RNG_IRQHandler                      0x080002ef   Thumb Code     0  startup_stm32f405xx.o(.text)
    I2C1_ER_IRQHandler                       0x080002ef   Thumb Code     0  startup_stm32f405xx.o(.text)
    I2C1_EV_IRQHandler                       0x080002ef   Thumb Code     0  startup_stm32f405xx.o(.text)
    I2C2_ER_IRQHandler                       0x080002ef   Thumb Code     0  startup_stm32f405xx.o(.text)
    I2C2_EV_IRQHandler                       0x080002ef   Thumb Code     0  startup_stm32f405xx.o(.text)
    I2C3_ER_IRQHandler                       0x080002ef   Thumb Code     0  startup_stm32f405xx.o(.text)
    I2C3_EV_IRQHandler                       0x080002ef   Thumb Code     0  startup_stm32f405xx.o(.text)
    OTG_FS_IRQHandler                        0x080002ef   Thumb Code     0  startup_stm32f405xx.o(.text)
    OTG_FS_WKUP_IRQHandler                   0x080002ef   Thumb Code     0  startup_stm32f405xx.o(.text)
    OTG_HS_EP1_IN_IRQHandler                 0x080002ef   Thumb Code     0  startup_stm32f405xx.o(.text)
    OTG_HS_EP1_OUT_IRQHandler                0x080002ef   Thumb Code     0  startup_stm32f405xx.o(.text)
    OTG_HS_IRQHandler                        0x080002ef   Thumb Code     0  startup_stm32f405xx.o(.text)
    OTG_HS_WKUP_IRQHandler                   0x080002ef   Thumb Code     0  startup_stm32f405xx.o(.text)
    PVD_IRQHandler                           0x080002ef   Thumb Code     0  startup_stm32f405xx.o(.text)
    RCC_IRQHandler                           0x080002ef   Thumb Code     0  startup_stm32f405xx.o(.text)
    RTC_Alarm_IRQHandler                     0x080002ef   Thumb Code     0  startup_stm32f405xx.o(.text)
    RTC_WKUP_IRQHandler                      0x080002ef   Thumb Code     0  startup_stm32f405xx.o(.text)
    SDIO_IRQHandler                          0x080002ef   Thumb Code     0  startup_stm32f405xx.o(.text)
    SPI1_IRQHandler                          0x080002ef   Thumb Code     0  startup_stm32f405xx.o(.text)
    SPI2_IRQHandler                          0x080002ef   Thumb Code     0  startup_stm32f405xx.o(.text)
    SPI3_IRQHandler                          0x080002ef   Thumb Code     0  startup_stm32f405xx.o(.text)
    TAMP_STAMP_IRQHandler                    0x080002ef   Thumb Code     0  startup_stm32f405xx.o(.text)
    TIM1_BRK_TIM9_IRQHandler                 0x080002ef   Thumb Code     0  startup_stm32f405xx.o(.text)
    TIM1_CC_IRQHandler                       0x080002ef   Thumb Code     0  startup_stm32f405xx.o(.text)
    TIM1_TRG_COM_TIM11_IRQHandler            0x080002ef   Thumb Code     0  startup_stm32f405xx.o(.text)
    TIM1_UP_TIM10_IRQHandler                 0x080002ef   Thumb Code     0  startup_stm32f405xx.o(.text)
    TIM2_IRQHandler                          0x080002ef   Thumb Code     0  startup_stm32f405xx.o(.text)
    TIM4_IRQHandler                          0x080002ef   Thumb Code     0  startup_stm32f405xx.o(.text)
    TIM5_IRQHandler                          0x080002ef   Thumb Code     0  startup_stm32f405xx.o(.text)
    TIM7_IRQHandler                          0x080002ef   Thumb Code     0  startup_stm32f405xx.o(.text)
    TIM8_BRK_TIM12_IRQHandler                0x080002ef   Thumb Code     0  startup_stm32f405xx.o(.text)
    TIM8_CC_IRQHandler                       0x080002ef   Thumb Code     0  startup_stm32f405xx.o(.text)
    TIM8_TRG_COM_TIM14_IRQHandler            0x080002ef   Thumb Code     0  startup_stm32f405xx.o(.text)
    TIM8_UP_TIM13_IRQHandler                 0x080002ef   Thumb Code     0  startup_stm32f405xx.o(.text)
    UART5_IRQHandler                         0x080002ef   Thumb Code     0  startup_stm32f405xx.o(.text)
    USART1_IRQHandler                        0x080002ef   Thumb Code     0  startup_stm32f405xx.o(.text)
    USART2_IRQHandler                        0x080002ef   Thumb Code     0  startup_stm32f405xx.o(.text)
    USART3_IRQHandler                        0x080002ef   Thumb Code     0  startup_stm32f405xx.o(.text)
    USART6_IRQHandler                        0x080002ef   Thumb Code     0  startup_stm32f405xx.o(.text)
    WWDG_IRQHandler                          0x080002ef   Thumb Code     0  startup_stm32f405xx.o(.text)
    __user_initial_stackheap                 0x080002f1   Thumb Code     0  startup_stm32f405xx.o(.text)
    __aeabi_uldivmod                         0x08000315   Thumb Code     0  lludivv7m.o(.text)
    _ll_udiv                                 0x08000315   Thumb Code   238  lludivv7m.o(.text)
    vsnprintf                                0x08000405   Thumb Code    48  vsnprintf.o(.text)
    strlen                                   0x08000439   Thumb Code    62  strlen.o(.text)
    __aeabi_memclr                           0x08000477   Thumb Code     0  rt_memclr.o(.text)
    __rt_memclr                              0x08000477   Thumb Code    68  rt_memclr.o(.text)
    _memset                                  0x0800047b   Thumb Code     0  rt_memclr.o(.text)
    __aeabi_memclr4                          0x080004bb   Thumb Code     0  rt_memclr_w.o(.text)
    __aeabi_memclr8                          0x080004bb   Thumb Code     0  rt_memclr_w.o(.text)
    __rt_memclr_w                            0x080004bb   Thumb Code    78  rt_memclr_w.o(.text)
    _memset_w                                0x080004bf   Thumb Code     0  rt_memclr_w.o(.text)
    __use_two_region_memory                  0x08000509   Thumb Code     2  heapauxi.o(.text)
    __rt_heap_escrow$2region                 0x0800050b   Thumb Code     2  heapauxi.o(.text)
    __rt_heap_expand$2region                 0x0800050d   Thumb Code     2  heapauxi.o(.text)
    __read_errno                             0x0800050f   Thumb Code    10  _rserrno.o(.text)
    __set_errno                              0x08000519   Thumb Code    12  _rserrno.o(.text)
    _printf_pre_padding                      0x08000525   Thumb Code    44  _printf_pad.o(.text)
    _printf_post_padding                     0x08000551   Thumb Code    34  _printf_pad.o(.text)
    _printf_truncate_signed                  0x08000573   Thumb Code    18  _printf_truncate.o(.text)
    _printf_truncate_unsigned                0x08000585   Thumb Code    18  _printf_truncate.o(.text)
    _printf_str                              0x08000597   Thumb Code    82  _printf_str.o(.text)
    _printf_int_dec                          0x080005e9   Thumb Code   104  _printf_dec.o(.text)
    _printf_charcount                        0x08000661   Thumb Code    40  _printf_charcount.o(.text)
    _printf_char_common                      0x08000693   Thumb Code    32  _printf_char_common.o(.text)
    _sputc                                   0x080006b9   Thumb Code    10  _sputc.o(.text)
    _snputc                                  0x080006c3   Thumb Code    16  _snputc.o(.text)
    _printf_wctomb                           0x080006d5   Thumb Code   182  _printf_wctomb.o(.text)
    _printf_longlong_dec                     0x08000791   Thumb Code   108  _printf_longlong_dec.o(.text)
    _printf_longlong_oct                     0x0800080d   Thumb Code    66  _printf_oct_int_ll.o(.text)
    _printf_int_oct                          0x0800084f   Thumb Code    24  _printf_oct_int_ll.o(.text)
    _printf_ll_oct                           0x08000867   Thumb Code    12  _printf_oct_int_ll.o(.text)
    _printf_longlong_hex                     0x0800087d   Thumb Code    86  _printf_hex_int_ll_ptr.o(.text)
    _printf_int_hex                          0x080008d3   Thumb Code    28  _printf_hex_int_ll_ptr.o(.text)
    _printf_ll_hex                           0x080008ef   Thumb Code    12  _printf_hex_int_ll_ptr.o(.text)
    _printf_hex_ptr                          0x080008fb   Thumb Code    18  _printf_hex_int_ll_ptr.o(.text)
    __printf                                 0x08000911   Thumb Code   388  __printf_flags_ss_wp.o(.text)
    __aeabi_errno_addr                       0x08000a99   Thumb Code     8  rt_errno_addr_intlibspace.o(.text)
    __errno$intlibspace                      0x08000a99   Thumb Code     0  rt_errno_addr_intlibspace.o(.text)
    __rt_errno_addr$intlibspace              0x08000a99   Thumb Code     0  rt_errno_addr_intlibspace.o(.text)
    _ll_udiv10                               0x08000aa1   Thumb Code   138  lludiv10.o(.text)
    _printf_int_common                       0x08000b2b   Thumb Code   178  _printf_intcommon.o(.text)
    __lib_sel_fp_printf                      0x08000bdd   Thumb Code     2  _printf_fp_dec.o(.text)
    _printf_fp_dec_real                      0x08000d8f   Thumb Code   620  _printf_fp_dec.o(.text)
    _printf_fp_hex_real                      0x08000ffd   Thumb Code   756  _printf_fp_hex.o(.text)
    _printf_cs_common                        0x080012f9   Thumb Code    20  _printf_char.o(.text)
    _printf_char                             0x0800130d   Thumb Code    16  _printf_char.o(.text)
    _printf_string                           0x0800131d   Thumb Code     8  _printf_char.o(.text)
    _printf_lcs_common                       0x08001325   Thumb Code    20  _printf_wchar.o(.text)
    _printf_wchar                            0x08001339   Thumb Code    16  _printf_wchar.o(.text)
    _printf_wstring                          0x08001349   Thumb Code     8  _printf_wchar.o(.text)
    _wcrtomb                                 0x08001351   Thumb Code    64  _wcrtomb.o(.text)
    __user_libspace                          0x08001391   Thumb Code     8  libspace.o(.text)
    __user_perproc_libspace                  0x08001391   Thumb Code     0  libspace.o(.text)
    __user_perthread_libspace                0x08001391   Thumb Code     0  libspace.o(.text)
    __user_setup_stackheap                   0x08001399   Thumb Code    74  sys_stackheap_outer.o(.text)
    __rt_ctype_table                         0x080013e5   Thumb Code    16  rt_ctype_table.o(.text)
    __rt_locale                              0x080013f5   Thumb Code     8  rt_locale_intlibspace.o(.text)
    _printf_fp_infnan                        0x080013fd   Thumb Code   112  _printf_fp_infnan.o(.text)
    _btod_etento                             0x0800147d   Thumb Code   224  bigflt0.o(.text)
    exit                                     0x08001561   Thumb Code    18  exit.o(.text)
    strcmp                                   0x08001575   Thumb Code   128  strcmpv7m.o(.text)
    _sys_exit                                0x080015f5   Thumb Code     8  sys_exit.o(.text)
    __I$use$semihosting                      0x08001601   Thumb Code     0  use_no_semi.o(.text)
    __use_no_semihosting_swi                 0x08001601   Thumb Code     2  use_no_semi.o(.text)
    __semihosting_library_function           0x08001603   Thumb Code     0  indicate_semi.o(.text)
    _btod_d2e                                0x08001603   Thumb Code    62  btod.o(CL$$btod_d2e)
    _d2e_denorm_low                          0x08001641   Thumb Code    70  btod.o(CL$$btod_d2e_denorm_low)
    _d2e_norm_op1                            0x08001687   Thumb Code    96  btod.o(CL$$btod_d2e_norm_op1)
    __btod_div_common                        0x080016e7   Thumb Code   696  btod.o(CL$$btod_div_common)
    _e2e                                     0x08001a1f   Thumb Code   220  btod.o(CL$$btod_e2e)
    _btod_ediv                               0x08001afb   Thumb Code    42  btod.o(CL$$btod_ediv)
    _btod_emul                               0x08001b25   Thumb Code    42  btod.o(CL$$btod_emul)
    __btod_mult_common                       0x08001b4f   Thumb Code   580  btod.o(CL$$btod_mult_common)
    BusFault_Handler                         0x08001d93   Thumb Code     2  stm32f4xx_it.o(i.BusFault_Handler)
    DMA2_Stream5_IRQHandler                  0x08001d95   Thumb Code    34  stm32f4xx_it.o(i.DMA2_Stream5_IRQHandler)
    DMA2_Stream7_IRQHandler                  0x08001dc1   Thumb Code    24  stm32f4xx_it.o(i.DMA2_Stream7_IRQHandler)
    DebugMon_Handler                         0x08001de1   Thumb Code     2  stm32f4xx_it.o(i.DebugMon_Handler)
    Error_Handler                            0x08001de3   Thumb Code     4  main.o(i.Error_Handler)
    HAL_Delay                                0x08001de9   Thumb Code    34  stm32f4xx_hal.o(i.HAL_Delay)
    HAL_GPIO_Init                            0x08001e11   Thumb Code   494  stm32f4xx_hal_gpio.o(i.HAL_GPIO_Init)
    HAL_GPIO_WritePin                        0x08002011   Thumb Code    10  stm32f4xx_hal_gpio.o(i.HAL_GPIO_WritePin)
    HAL_GetTick                              0x0800201d   Thumb Code     6  stm32f4xx_hal.o(i.HAL_GetTick)
    HAL_I2C_Init                             0x08002029   Thumb Code   408  stm32f4xx_hal_i2c.o(i.HAL_I2C_Init)
    HAL_I2C_MspInit                          0x080021d1   Thumb Code   160  i2c.o(i.HAL_I2C_MspInit)
    HAL_IncTick                              0x0800227d   Thumb Code    12  stm32f4xx_hal.o(i.HAL_IncTick)
    HAL_Init                                 0x0800228d   Thumb Code    48  stm32f4xx_hal.o(i.HAL_Init)
    HAL_InitTick                             0x080022c1   Thumb Code    54  stm32f4xx_hal.o(i.HAL_InitTick)
    HAL_MspInit                              0x08002301   Thumb Code    42  stm32f4xx_hal_msp.o(i.HAL_MspInit)
    HAL_NVIC_SetPriority                     0x08002335   Thumb Code    96  stm32f4xx_hal_cortex.o(i.HAL_NVIC_SetPriority)
    HAL_NVIC_SetPriorityGrouping             0x08002399   Thumb Code    30  stm32f4xx_hal_cortex.o(i.HAL_NVIC_SetPriorityGrouping)
    HAL_RCC_ClockConfig                      0x080023bd   Thumb Code   324  stm32f4xx_hal_rcc.o(i.HAL_RCC_ClockConfig)
    HAL_RCC_GetPCLK1Freq                     0x08002519   Thumb Code    20  stm32f4xx_hal_rcc.o(i.HAL_RCC_GetPCLK1Freq)
    HAL_RCC_GetSysClockFreq                  0x08002539   Thumb Code    98  stm32f4xx_hal_rcc.o(i.HAL_RCC_GetSysClockFreq)
    HAL_RCC_OscConfig                        0x080025ad   Thumb Code   990  stm32f4xx_hal_rcc.o(i.HAL_RCC_OscConfig)
    HAL_SPI_Init                             0x080029b1   Thumb Code   194  stm32f4xx_hal_spi.o(i.HAL_SPI_Init)
    HAL_SPI_MspInit                          0x08002a75   Thumb Code   166  spi.o(i.HAL_SPI_MspInit)
    HAL_SPI_Receive                          0x08002b31   Thumb Code   362  stm32f4xx_hal_spi.o(i.HAL_SPI_Receive)
    HAL_SPI_Transmit                         0x08002c9b   Thumb Code   416  stm32f4xx_hal_spi.o(i.HAL_SPI_Transmit)
    HAL_SPI_TransmitReceive                  0x08002e3d   Thumb Code   562  stm32f4xx_hal_spi.o(i.HAL_SPI_TransmitReceive)
    HAL_SYSTICK_Config                       0x08003071   Thumb Code    38  stm32f4xx_hal_cortex.o(i.HAL_SYSTICK_Config)
    HardFault_Handler                        0x0800309d   Thumb Code     2  stm32f4xx_it.o(i.HardFault_Handler)
    LL_ADC_CommonInit                        0x080030a1   Thumb Code    86  stm32f4xx_ll_adc.o(i.LL_ADC_CommonInit)
    LL_ADC_Init                              0x08003101   Thumb Code    60  stm32f4xx_ll_adc.o(i.LL_ADC_Init)
    LL_ADC_REG_Init                          0x0800313d   Thumb Code    94  stm32f4xx_ll_adc.o(i.LL_ADC_REG_Init)
    LL_GPIO_Init                             0x080031a1   Thumb Code   340  stm32f4xx_ll_gpio.o(i.LL_GPIO_Init)
    LL_RCC_GetSystemClocksFreq               0x080032f5   Thumb Code   142  stm32f4xx_ll_rcc.o(i.LL_RCC_GetSystemClocksFreq)
    LL_TIM_BDTR_Init                         0x0800339d   Thumb Code    52  stm32f4xx_ll_tim.o(i.LL_TIM_BDTR_Init)
    LL_TIM_Init                              0x080033d1   Thumb Code   182  stm32f4xx_ll_tim.o(i.LL_TIM_Init)
    LL_TIM_OC_Init                           0x0800354d   Thumb Code   446  stm32f4xx_ll_tim.o(i.LL_TIM_OC_Init)
    LL_USART_Init                            0x08003715   Thumb Code   306  stm32f4xx_ll_usart.o(i.LL_USART_Init)
    MX_ADC1_Init                             0x0800384d   Thumb Code   250  adc.o(i.MX_ADC1_Init)
    MX_DMA_Init                              0x0800395d   Thumb Code   148  dma.o(i.MX_DMA_Init)
    MX_GPIO_Init                             0x08003a05   Thumb Code   282  gpio.o(i.MX_GPIO_Init)
    MX_I2C1_Init                             0x08003b31   Thumb Code    50  i2c.o(i.MX_I2C1_Init)
    MX_I2C2_Init                             0x08003b71   Thumb Code    50  i2c.o(i.MX_I2C2_Init)
    MX_SPI1_Init                             0x08003bb1   Thumb Code    62  spi.o(i.MX_SPI1_Init)
    MX_SPI2_Init                             0x08003bf9   Thumb Code    64  spi.o(i.MX_SPI2_Init)
    MX_TIM1_Init                             0x08003c41   Thumb Code   470  tim.o(i.MX_TIM1_Init)
    MX_TIM2_Init                             0x08003e35   Thumb Code   256  tim.o(i.MX_TIM2_Init)
    MX_TIM3_Init                             0x08003f45   Thumb Code   388  tim.o(i.MX_TIM3_Init)
    MX_TIM6_Init                             0x080040e5   Thumb Code   146  tim.o(i.MX_TIM6_Init)
    MX_UART4_Init                            0x0800418d   Thumb Code   198  usart.o(i.MX_UART4_Init)
    MX_UART5_Init                            0x08004275   Thumb Code   182  usart.o(i.MX_UART5_Init)
    MX_USART1_UART_Init                      0x08004341   Thumb Code   262  usart.o(i.MX_USART1_UART_Init)
    MX_USART2_UART_Init                      0x08004469   Thumb Code   140  usart.o(i.MX_USART2_UART_Init)
    MX_USART3_UART_Init                      0x08004505   Thumb Code   144  usart.o(i.MX_USART3_UART_Init)
    MX_USART6_UART_Init                      0x080045a5   Thumb Code   142  usart.o(i.MX_USART6_UART_Init)
    Matrix3Copy                              0x08004645   Thumb Code    74  simple_math.o(i.Matrix3Copy)
    Matrix3FromEuler                         0x0800468f   Thumb Code   306  simple_math.o(i.Matrix3FromEuler)
    Matrix3Identity                          0x080047c1   Thumb Code    58  simple_math.o(i.Matrix3Identity)
    Matrix3MulMatrix                         0x08004801   Thumb Code   362  simple_math.o(i.Matrix3MulMatrix)
    Matrix3MulVector                         0x0800496b   Thumb Code   122  simple_math.o(i.Matrix3MulVector)
    Matrix3Normalize                         0x080049e5   Thumb Code   366  simple_math.o(i.Matrix3Normalize)
    Matrix3Rotate                            0x08004b53   Thumb Code   326  simple_math.o(i.Matrix3Rotate)
    Matrix3Sub                               0x08004c99   Thumb Code   146  simple_math.o(i.Matrix3Sub)
    Matrix3ToEuler                           0x08004d2b   Thumb Code   112  simple_math.o(i.Matrix3ToEuler)
    Matrix3Transpose                         0x08004d9b   Thumb Code    74  simple_math.o(i.Matrix3Transpose)
    MemManage_Handler                        0x08004de5   Thumb Code     2  stm32f4xx_it.o(i.MemManage_Handler)
    NMI_Handler                              0x08004de7   Thumb Code     2  stm32f4xx_it.o(i.NMI_Handler)
    PendSV_Handler                           0x08004de9   Thumb Code     2  stm32f4xx_it.o(i.PendSV_Handler)
    SVC_Handler                              0x08004fa1   Thumb Code     2  stm32f4xx_it.o(i.SVC_Handler)
    SysTick_Handler                          0x08004fa3   Thumb Code     4  stm32f4xx_it.o(i.SysTick_Handler)
    SystemClock_Config                       0x08004fa9   Thumb Code   142  main.o(i.SystemClock_Config)
    SystemInit                               0x08005041   Thumb Code    12  system_stm32f4xx.o(i.SystemInit)
    TIM3_IRQHandler                          0x08005051   Thumb Code    18  stm32f4xx_it.o(i.TIM3_IRQHandler)
    TIM6_DAC_IRQHandler                      0x08005069   Thumb Code    22  stm32f4xx_it.o(i.TIM6_DAC_IRQHandler)
    UART4_IRQHandler                         0x08005085   Thumb Code    28  stm32f4xx_it.o(i.UART4_IRQHandler)
    UsageFault_Handler                       0x080050a9   Thumb Code     2  stm32f4xx_it.o(i.UsageFault_Handler)
    Vector3Add                               0x080050ab   Thumb Code    50  simple_math.o(i.Vector3Add)
    Vector3Copy                              0x080050dd   Thumb Code    26  simple_math.o(i.Vector3Copy)
    Vector3CrossProduct                      0x080050f7   Thumb Code    86  simple_math.o(i.Vector3CrossProduct)
    Vector3Length                            0x0800514d   Thumb Code    76  simple_math.o(i.Vector3Length)
    Vector3Normalize                         0x0800519d   Thumb Code   158  simple_math.o(i.Vector3Normalize)
    Vector3Scale                             0x08005245   Thumb Code    58  simple_math.o(i.Vector3Scale)
    Vector3Sub                               0x0800527f   Thumb Code    50  simple_math.o(i.Vector3Sub)
    Vector3Zero                              0x080052b1   Thumb Code    18  simple_math.o(i.Vector3Zero)
    __ARM_fpclassify                         0x080052c9   Thumb Code    48  fpclassify.o(i.__ARM_fpclassify)
    __ARM_fpclassifyf                        0x080052f9   Thumb Code    38  fpclassifyf.o(i.__ARM_fpclassifyf)
    __hardfp_asinf                           0x08005321   Thumb Code   258  asinf.o(i.__hardfp_asinf)
    __mathlib_flt_infnan                     0x0800544d   Thumb Code     6  funder.o(i.__mathlib_flt_infnan)
    __mathlib_flt_invalid                    0x08005455   Thumb Code    10  funder.o(i.__mathlib_flt_invalid)
    __mathlib_flt_underflow                  0x08005465   Thumb Code    10  funder.o(i.__mathlib_flt_underflow)
    _is_digit                                0x08005475   Thumb Code    14  __printf_wp.o(i._is_digit)
    accel_set_sample_rate                    0x08005485   Thumb Code   136  icm42688p.o(i.accel_set_sample_rate)
    ahrs_dcm_get_dcm                         0x08005511   Thumb Code    12  ahrs_dcm.o(i.ahrs_dcm_get_dcm)
    ahrs_dcm_get_euler                       0x08005521   Thumb Code    38  ahrs_dcm.o(i.ahrs_dcm_get_euler)
    ahrs_dcm_init                            0x0800554d   Thumb Code    96  ahrs_dcm.o(i.ahrs_dcm_init)
    ahrs_dcm_update                          0x080055d9   Thumb Code   380  ahrs_dcm.o(i.ahrs_dcm_update)
    arm_atan2_f32                            0x0800579d   Thumb Code   502  fastmathfunctions.o(i.arm_atan2_f32)
    arm_cos_f32                              0x080059b1   Thumb Code   118  fastmathfunctions.o(i.arm_cos_f32)
    arm_sin_f32                              0x08005a35   Thumb Code   114  fastmathfunctions.o(i.arm_sin_f32)
    butter3_filter_init                      0x08005ab5   Thumb Code   102  butter.o(i.butter3_filter_init)
    butter3_filter_update                    0x08005b21   Thumb Code   168  butter.o(i.butter3_filter_update)
    crsf_check_frame                         0x08005bc9   Thumb Code   370  crsf.o(i.crsf_check_frame)
    crsf_get_channel_norm                    0x08005d4d   Thumb Code   212  crsf.o(i.crsf_get_channel_norm)
    crsf_process_byte                        0x08005e35   Thumb Code    44  crsf.o(i.crsf_process_byte)
    crsf_uart_callback                       0x08005e65   Thumb Code    90  system.o(i.crsf_uart_callback)
    crsf_update_data                         0x08005ecd   Thumb Code   148  crsf.o(i.crsf_update_data)
    debug_uart_tx_dma_cplt_callback          0x08005f65   Thumb Code     2  system.o(i.debug_uart_tx_dma_cplt_callback)
    dshot_configure_dma_burst                0x08005f69   Thumb Code   140  dshot.o(i.dshot_configure_dma_burst)
    dshot_disarm                             0x0800600d   Thumb Code    84  dshot.o(i.dshot_disarm)
    dshot_dma_burst_start                    0x08006065   Thumb Code    40  dshot.o(i.dshot_dma_burst_start)
    dshot_dma_cplt_callback                  0x08006095   Thumb Code    18  dshot.o(i.dshot_dma_cplt_callback)
    dshot_dma_error_callback                 0x080060b1   Thumb Code     2  dshot.o(i.dshot_dma_error_callback)
    dshot_update_channel                     0x080060b5   Thumb Code   106  dshot.o(i.dshot_update_channel)
    dshot_update_channel_norm                0x08006125   Thumb Code   170  dshot.o(i.dshot_update_channel_norm)
    get_system_1khz_tick                     0x080061dd   Thumb Code     6  system.o(i.get_system_1khz_tick)
    gyro_set_range                           0x080061e9   Thumb Code   152  icm42688p.o(i.gyro_set_range)
    gyro_set_sample_rate                     0x080062ad   Thumb Code   140  icm42688p.o(i.gyro_set_sample_rate)
    icm42688_init                            0x0800633d   Thumb Code  1234  icm42688p.o(i.icm42688_init)
    icm42688_modify_reg                      0x0800681d   Thumb Code   138  icm42688p.o(i.icm42688_modify_reg)
    icm42688_update                          0x080068b1   Thumb Code   464  icm42688p.o(i.icm42688_update)
    main                                     0x08006a91   Thumb Code    86  main.o(i.main)
    mixer_update                             0x08006ae9   Thumb Code   566  mixer.o(i.mixer_update)
    param_parse_frame                        0x08006d2d   Thumb Code    68  param.o(i.param_parse_frame)
    param_parse_so3_param                    0x08006d71   Thumb Code   316  param.o(i.param_parse_so3_param)
    si24r1_check_connection                  0x08006eb1   Thumb Code   226  si24r1.o(i.si24r1_check_connection)
    si24r1_check_rx                          0x08006fa5   Thumb Code   160  si24r1.o(i.si24r1_check_rx)
    si24r1_init                              0x0800704d   Thumb Code   676  si24r1.o(i.si24r1_init)
    si24r1_read_reg                          0x08007331   Thumb Code    88  si24r1.o(i.si24r1_read_reg)
    si24r1_write_reg                         0x08007391   Thumb Code    88  si24r1.o(i.si24r1_write_reg)
    slog                                     0x080073f1   Thumb Code    66  system.o(i.slog)
    so3_controller_control                   0x0800743d   Thumb Code   382  so3_controller.o(i.so3_controller_control)
    so3_controller_set_param                 0x080075c1   Thumb Code    52  so3_controller.o(i.so3_controller_set_param)
    so3_controller_update                    0x080075f9   Thumb Code   152  so3_controller.o(i.so3_controller_update)
    sqrtf                                    0x08007695   Thumb Code    62  sqrtf.o(i.sqrtf)
    system_1khz_timer_callback               0x080076d5   Thumb Code    14  system.o(i.system_1khz_timer_callback)
    system_init                              0x080076e9   Thumb Code   352  system.o(i.system_init)
    system_loop                              0x08007945   Thumb Code   756  system.o(i.system_loop)
    vee                                      0x08007c5d   Thumb Code    26  simple_math.o(i.vee)
    _get_lc_numeric                          0x08007c79   Thumb Code    44  lc_numeric_c.o(locale$$code)
    _get_lc_ctype                            0x08007ca5   Thumb Code    44  lc_ctype_c.o(locale$$code)
    _fp_init                                 0x08007cd1   Thumb Code    10  fpinit.o(x$fpl$fpinit)
    __fplib_config_fpu_vfp                   0x08007cd9   Thumb Code     0  fpinit.o(x$fpl$fpinit)
    __fplib_config_pureend_doubles           0x08007cd9   Thumb Code     0  fpinit.o(x$fpl$fpinit)
    _printf_fp_dec                           0x08007cdb   Thumb Code     4  printf1.o(x$fpl$printf1)
    _printf_fp_hex                           0x08007cdf   Thumb Code     4  printf2.o(x$fpl$printf2)
    __I$use$fp                               0x08007ce2   Number         0  usenofp.o(x$fpl$usenofp)
    AHBPrescTable                            0x08007d00   Data          16  system_stm32f4xx.o(.constdata)
    APBPrescTable                            0x08007d10   Data           8  system_stm32f4xx.o(.constdata)
    sinTable_f32                             0x08007dac   Data        2052  commontables.o(.constdata)
    Region$$Table$$Base                      0x0800871c   Number         0  anon$$obj.o(Region$$Table)
    Region$$Table$$Limit                     0x0800873c   Number         0  anon$$obj.o(Region$$Table)
    __ctype                                  0x08008765   Data           0  lc_ctype_c.o(locale$$data)
    uwTickFreq                               0x20000000   Data           1  stm32f4xx_hal.o(.data)
    uwTickPrio                               0x20000004   Data           4  stm32f4xx_hal.o(.data)
    uwTick                                   0x20000008   Data           4  stm32f4xx_hal.o(.data)
    SystemCoreClock                          0x2000000c   Data           4  system_stm32f4xx.o(.data)
    _frame_ofs                               0x20000010   Data           1  crsf.o(.data)
    _frame_bytes                             0x20000014   Data           4  crsf.o(.data)
    si24r1_tx_address                        0x20000018   Data           5  si24r1.o(.data)
    si24r1_rx_address                        0x2000001d   Data           5  si24r1.o(.data)
    aafLUT42688                              0x2000002c   Data          24  icm42688p.o(.data)
    crsf_uart_buffer_index                   0x20000054   Data           1  system.o(.data)
    system_1khz_update                       0x20000055   Data           1  system.o(.data)
    si24r1_rx_len                            0x20000056   Data           1  system.o(.data)
    crsf_uart_buffer_1_size                  0x20000058   Data           2  system.o(.data)
    crsf_uart_buffer_2_size                  0x2000005a   Data           2  system.o(.data)
    log_count                                0x2000005c   Data           2  system.o(.data)
    system_1khz_tick                         0x20000060   Data           4  system.o(.data)
    si24r1_rx_timestamp                      0x20000064   Data           4  system.o(.data)
    last_tp_ms                               0x20000068   Data           4  system.o(.data)
    rf_last_timestamp                        0x2000006c   Data           4  system.o(.data)
    roll                                     0x20000070   Data           4  system.o(.data)
    pitch                                    0x20000074   Data           4  system.o(.data)
    yaw                                      0x20000078   Data           4  system.o(.data)
    acc_b                                    0x2000007c   Data          16  system.o(.data)
    acc_a                                    0x2000008c   Data          16  system.o(.data)
    gyro_b                                   0x2000009c   Data          16  system.o(.data)
    gyro_a                                   0x200000ac   Data          16  system.o(.data)
    rf_b                                     0x200000bc   Data          16  system.o(.data)
    rf_a                                     0x200000cc   Data          16  system.o(.data)
    hi2c1                                    0x200000fc   Data          84  i2c.o(.bss)
    hi2c2                                    0x20000150   Data          84  i2c.o(.bss)
    hspi1                                    0x200001a4   Data          88  spi.o(.bss)
    hspi2                                    0x200001fc   Data          88  spi.o(.bss)
    dshot_dma_buffer                         0x20000254   Data         288  dshot.o(.bss)
    _frame                                   0x20000374   Data          64  crsf.o(.bss)
    output_channels                          0x200003b4   Data          48  crsf.o(.bss)
    crsf_data                                0x200003e4   Data          28  crsf.o(.bss)
    raw_bias                                 0x20000400   Data          12  icm42688p.o(.bss)
    raw_data_buf                             0x2000040c   Data          18  icm42688p.o(.bss)
    so3_controller_param                     0x2000057c   Data          48  so3_controller.o(.bss)
    log_buffer                               0x200005d0   Data         128  system.o(.bss)
    crsf_uart_buffer_1                       0x20000650   Data         128  system.o(.bss)
    crsf_uart_buffer_2                       0x200006d0   Data         128  system.o(.bss)
    si24r1_rx_buffer                         0x20000750   Data          32  system.o(.bss)
    imu_data                                 0x20000770   Data          28  system.o(.bss)
    dcm                                      0x2000078c   Data          36  system.o(.bss)
    dcm_goal                                 0x200007b0   Data          36  system.o(.bss)
    omega_filtered                           0x200007d4   Data          12  system.o(.bss)
    acc_filtered                             0x200007e0   Data          12  system.o(.bss)
    omega_goal                               0x200007ec   Data          12  system.o(.bss)
    so3_output                               0x200007f8   Data          12  system.o(.bss)
    rf_last                                  0x20000804   Data          12  system.o(.bss)
    omega_x_filter                           0x20000810   Data          64  system.o(.bss)
    omega_y_filter                           0x20000850   Data          64  system.o(.bss)
    omega_z_filter                           0x20000890   Data          64  system.o(.bss)
    acc_x_filter                             0x200008d0   Data          64  system.o(.bss)
    acc_y_filter                             0x20000910   Data          64  system.o(.bss)
    acc_z_filter                             0x20000950   Data          64  system.o(.bss)
    rf_roll_filter                           0x20000990   Data          64  system.o(.bss)
    rf_pitch_filter                          0x200009d0   Data          64  system.o(.bss)
    rf_yaw_filter                            0x20000a10   Data          64  system.o(.bss)
    __libspace_start                         0x20000a50   Data          96  libspace.o(.bss)
    __temporary_stack_top$libspace           0x20000ab0   Data           0  libspace.o(.bss)



==============================================================================

Memory Map of the image

  Image Entry point : 0x08000189

  Load Region LR_IROM1 (Base: 0x08000000, Size: 0x00008964, Max: 0x00100000, ABSOLUTE)

    Execution Region ER_IROM1 (Exec base: 0x08000000, Load base: 0x08000000, Size: 0x00008868, Max: 0x00100000, ABSOLUTE)

    Exec Addr    Load Addr    Size         Type   Attr      Idx    E Section Name        Object

    0x08000000   0x08000000   0x00000188   Data   RO            3    RESET               startup_stm32f405xx.o
    0x08000188   0x08000188   0x00000008   Code   RO        11128  * !!!main             c_w.l(__main.o)
    0x08000190   0x08000190   0x00000034   Code   RO        11722    !!!scatter          c_w.l(__scatter.o)
    0x080001c4   0x080001c4   0x0000001a   Code   RO        11724    !!handler_copy      c_w.l(__scatter_copy.o)
    0x080001de   0x080001de   0x00000002   PAD
    0x080001e0   0x080001e0   0x0000001c   Code   RO        11726    !!handler_zi        c_w.l(__scatter_zi.o)
    0x080001fc   0x080001fc   0x00000000   Code   RO        11410    .ARM.Collect$$_printf_percent$$00000000  c_w.l(_printf_percent.o)
    0x080001fc   0x080001fc   0x00000006   Code   RO        11399    .ARM.Collect$$_printf_percent$$00000001  c_w.l(_printf_n.o)
    0x08000202   0x08000202   0x00000006   Code   RO        11401    .ARM.Collect$$_printf_percent$$00000002  c_w.l(_printf_p.o)
    0x08000208   0x08000208   0x00000006   Code   RO        11406    .ARM.Collect$$_printf_percent$$00000003  c_w.l(_printf_f.o)
    0x0800020e   0x0800020e   0x00000006   Code   RO        11407    .ARM.Collect$$_printf_percent$$00000004  c_w.l(_printf_e.o)
    0x08000214   0x08000214   0x00000006   Code   RO        11408    .ARM.Collect$$_printf_percent$$00000005  c_w.l(_printf_g.o)
    0x0800021a   0x0800021a   0x00000006   Code   RO        11409    .ARM.Collect$$_printf_percent$$00000006  c_w.l(_printf_a.o)
    0x08000220   0x08000220   0x0000000a   Code   RO        11414    .ARM.Collect$$_printf_percent$$00000007  c_w.l(_printf_ll.o)
    0x0800022a   0x0800022a   0x00000006   Code   RO        11403    .ARM.Collect$$_printf_percent$$00000008  c_w.l(_printf_i.o)
    0x08000230   0x08000230   0x00000006   Code   RO        11404    .ARM.Collect$$_printf_percent$$00000009  c_w.l(_printf_d.o)
    0x08000236   0x08000236   0x00000006   Code   RO        11405    .ARM.Collect$$_printf_percent$$0000000A  c_w.l(_printf_u.o)
    0x0800023c   0x0800023c   0x00000006   Code   RO        11402    .ARM.Collect$$_printf_percent$$0000000B  c_w.l(_printf_o.o)
    0x08000242   0x08000242   0x00000006   Code   RO        11400    .ARM.Collect$$_printf_percent$$0000000C  c_w.l(_printf_x.o)
    0x08000248   0x08000248   0x00000006   Code   RO        11411    .ARM.Collect$$_printf_percent$$0000000D  c_w.l(_printf_lli.o)
    0x0800024e   0x0800024e   0x00000006   Code   RO        11412    .ARM.Collect$$_printf_percent$$0000000E  c_w.l(_printf_lld.o)
    0x08000254   0x08000254   0x00000006   Code   RO        11413    .ARM.Collect$$_printf_percent$$0000000F  c_w.l(_printf_llu.o)
    0x0800025a   0x0800025a   0x00000006   Code   RO        11418    .ARM.Collect$$_printf_percent$$00000010  c_w.l(_printf_llo.o)
    0x08000260   0x08000260   0x00000006   Code   RO        11419    .ARM.Collect$$_printf_percent$$00000011  c_w.l(_printf_llx.o)
    0x08000266   0x08000266   0x0000000a   Code   RO        11415    .ARM.Collect$$_printf_percent$$00000012  c_w.l(_printf_l.o)
    0x08000270   0x08000270   0x00000006   Code   RO        11397    .ARM.Collect$$_printf_percent$$00000013  c_w.l(_printf_c.o)
    0x08000276   0x08000276   0x00000006   Code   RO        11398    .ARM.Collect$$_printf_percent$$00000014  c_w.l(_printf_s.o)
    0x0800027c   0x0800027c   0x00000006   Code   RO        11416    .ARM.Collect$$_printf_percent$$00000015  c_w.l(_printf_lc.o)
    0x08000282   0x08000282   0x00000006   Code   RO        11417    .ARM.Collect$$_printf_percent$$00000016  c_w.l(_printf_ls.o)
    0x08000288   0x08000288   0x00000004   Code   RO        11532    .ARM.Collect$$_printf_percent$$00000017  c_w.l(_printf_percent_end.o)
    0x0800028c   0x0800028c   0x00000002   Code   RO        11588    .ARM.Collect$$libinit$$00000000  c_w.l(libinit.o)
    0x0800028e   0x0800028e   0x00000004   Code   RO        11602    .ARM.Collect$$libinit$$00000001  c_w.l(libinit2.o)
    0x08000292   0x08000292   0x00000000   Code   RO        11605    .ARM.Collect$$libinit$$00000004  c_w.l(libinit2.o)
    0x08000292   0x08000292   0x00000000   Code   RO        11608    .ARM.Collect$$libinit$$0000000A  c_w.l(libinit2.o)
    0x08000292   0x08000292   0x00000000   Code   RO        11610    .ARM.Collect$$libinit$$0000000C  c_w.l(libinit2.o)
    0x08000292   0x08000292   0x00000000   Code   RO        11612    .ARM.Collect$$libinit$$0000000E  c_w.l(libinit2.o)
    0x08000292   0x08000292   0x00000006   Code   RO        11613    .ARM.Collect$$libinit$$0000000F  c_w.l(libinit2.o)
    0x08000298   0x08000298   0x00000000   Code   RO        11615    .ARM.Collect$$libinit$$00000011  c_w.l(libinit2.o)
    0x08000298   0x08000298   0x0000000c   Code   RO        11616    .ARM.Collect$$libinit$$00000012  c_w.l(libinit2.o)
    0x080002a4   0x080002a4   0x00000000   Code   RO        11617    .ARM.Collect$$libinit$$00000013  c_w.l(libinit2.o)
    0x080002a4   0x080002a4   0x00000000   Code   RO        11619    .ARM.Collect$$libinit$$00000015  c_w.l(libinit2.o)
    0x080002a4   0x080002a4   0x0000000a   Code   RO        11620    .ARM.Collect$$libinit$$00000016  c_w.l(libinit2.o)
    0x080002ae   0x080002ae   0x00000000   Code   RO        11621    .ARM.Collect$$libinit$$00000017  c_w.l(libinit2.o)
    0x080002ae   0x080002ae   0x00000000   Code   RO        11623    .ARM.Collect$$libinit$$00000019  c_w.l(libinit2.o)
    0x080002ae   0x080002ae   0x00000000   Code   RO        11625    .ARM.Collect$$libinit$$0000001B  c_w.l(libinit2.o)
    0x080002ae   0x080002ae   0x00000000   Code   RO        11627    .ARM.Collect$$libinit$$0000001D  c_w.l(libinit2.o)
    0x080002ae   0x080002ae   0x00000000   Code   RO        11629    .ARM.Collect$$libinit$$0000001F  c_w.l(libinit2.o)
    0x080002ae   0x080002ae   0x00000000   Code   RO        11631    .ARM.Collect$$libinit$$00000021  c_w.l(libinit2.o)
    0x080002ae   0x080002ae   0x00000000   Code   RO        11633    .ARM.Collect$$libinit$$00000023  c_w.l(libinit2.o)
    0x080002ae   0x080002ae   0x00000000   Code   RO        11635    .ARM.Collect$$libinit$$00000025  c_w.l(libinit2.o)
    0x080002ae   0x080002ae   0x00000000   Code   RO        11639    .ARM.Collect$$libinit$$0000002C  c_w.l(libinit2.o)
    0x080002ae   0x080002ae   0x00000000   Code   RO        11641    .ARM.Collect$$libinit$$0000002E  c_w.l(libinit2.o)
    0x080002ae   0x080002ae   0x00000000   Code   RO        11643    .ARM.Collect$$libinit$$00000030  c_w.l(libinit2.o)
    0x080002ae   0x080002ae   0x00000000   Code   RO        11645    .ARM.Collect$$libinit$$00000032  c_w.l(libinit2.o)
    0x080002ae   0x080002ae   0x00000002   Code   RO        11646    .ARM.Collect$$libinit$$00000033  c_w.l(libinit2.o)
    0x080002b0   0x080002b0   0x00000002   Code   RO        11677    .ARM.Collect$$libshutdown$$00000000  c_w.l(libshutdown.o)
    0x080002b2   0x080002b2   0x00000000   Code   RO        11703    .ARM.Collect$$libshutdown$$00000002  c_w.l(libshutdown2.o)
    0x080002b2   0x080002b2   0x00000000   Code   RO        11705    .ARM.Collect$$libshutdown$$00000004  c_w.l(libshutdown2.o)
    0x080002b2   0x080002b2   0x00000000   Code   RO        11707    .ARM.Collect$$libshutdown$$00000006  c_w.l(libshutdown2.o)
    0x080002b2   0x080002b2   0x00000000   Code   RO        11710    .ARM.Collect$$libshutdown$$00000009  c_w.l(libshutdown2.o)
    0x080002b2   0x080002b2   0x00000000   Code   RO        11713    .ARM.Collect$$libshutdown$$0000000C  c_w.l(libshutdown2.o)
    0x080002b2   0x080002b2   0x00000000   Code   RO        11715    .ARM.Collect$$libshutdown$$0000000E  c_w.l(libshutdown2.o)
    0x080002b2   0x080002b2   0x00000000   Code   RO        11718    .ARM.Collect$$libshutdown$$00000011  c_w.l(libshutdown2.o)
    0x080002b2   0x080002b2   0x00000002   Code   RO        11719    .ARM.Collect$$libshutdown$$00000012  c_w.l(libshutdown2.o)
    0x080002b4   0x080002b4   0x00000000   Code   RO        11320    .ARM.Collect$$rtentry$$00000000  c_w.l(__rtentry.o)
    0x080002b4   0x080002b4   0x00000000   Code   RO        11496    .ARM.Collect$$rtentry$$00000002  c_w.l(__rtentry2.o)
    0x080002b4   0x080002b4   0x00000006   Code   RO        11508    .ARM.Collect$$rtentry$$00000004  c_w.l(__rtentry4.o)
    0x080002ba   0x080002ba   0x00000000   Code   RO        11498    .ARM.Collect$$rtentry$$00000009  c_w.l(__rtentry2.o)
    0x080002ba   0x080002ba   0x00000004   Code   RO        11499    .ARM.Collect$$rtentry$$0000000A  c_w.l(__rtentry2.o)
    0x080002be   0x080002be   0x00000000   Code   RO        11501    .ARM.Collect$$rtentry$$0000000C  c_w.l(__rtentry2.o)
    0x080002be   0x080002be   0x00000008   Code   RO        11502    .ARM.Collect$$rtentry$$0000000D  c_w.l(__rtentry2.o)
    0x080002c6   0x080002c6   0x00000002   Code   RO        11589    .ARM.Collect$$rtexit$$00000000  c_w.l(rtexit.o)
    0x080002c8   0x080002c8   0x00000000   Code   RO        11650    .ARM.Collect$$rtexit$$00000002  c_w.l(rtexit2.o)
    0x080002c8   0x080002c8   0x00000004   Code   RO        11651    .ARM.Collect$$rtexit$$00000003  c_w.l(rtexit2.o)
    0x080002cc   0x080002cc   0x00000006   Code   RO        11652    .ARM.Collect$$rtexit$$00000004  c_w.l(rtexit2.o)
    0x080002d2   0x080002d2   0x00000002   PAD
    0x080002d4   0x080002d4   0x00000040   Code   RO            4    .text               startup_stm32f405xx.o
    0x08000314   0x08000314   0x000000ee   Code   RO        11108    .text               c_w.l(lludivv7m.o)
    0x08000402   0x08000402   0x00000002   PAD
    0x08000404   0x08000404   0x00000034   Code   RO        11116    .text               c_w.l(vsnprintf.o)
    0x08000438   0x08000438   0x0000003e   Code   RO        11118    .text               c_w.l(strlen.o)
    0x08000476   0x08000476   0x00000044   Code   RO        11122    .text               c_w.l(rt_memclr.o)
    0x080004ba   0x080004ba   0x0000004e   Code   RO        11124    .text               c_w.l(rt_memclr_w.o)
    0x08000508   0x08000508   0x00000006   Code   RO        11126    .text               c_w.l(heapauxi.o)
    0x0800050e   0x0800050e   0x00000016   Code   RO        11325    .text               c_w.l(_rserrno.o)
    0x08000524   0x08000524   0x0000004e   Code   RO        11329    .text               c_w.l(_printf_pad.o)
    0x08000572   0x08000572   0x00000024   Code   RO        11331    .text               c_w.l(_printf_truncate.o)
    0x08000596   0x08000596   0x00000052   Code   RO        11333    .text               c_w.l(_printf_str.o)
    0x080005e8   0x080005e8   0x00000078   Code   RO        11335    .text               c_w.l(_printf_dec.o)
    0x08000660   0x08000660   0x00000028   Code   RO        11337    .text               c_w.l(_printf_charcount.o)
    0x08000688   0x08000688   0x00000030   Code   RO        11339    .text               c_w.l(_printf_char_common.o)
    0x080006b8   0x080006b8   0x0000000a   Code   RO        11341    .text               c_w.l(_sputc.o)
    0x080006c2   0x080006c2   0x00000010   Code   RO        11343    .text               c_w.l(_snputc.o)
    0x080006d2   0x080006d2   0x00000002   PAD
    0x080006d4   0x080006d4   0x000000bc   Code   RO        11345    .text               c_w.l(_printf_wctomb.o)
    0x08000790   0x08000790   0x0000007c   Code   RO        11348    .text               c_w.l(_printf_longlong_dec.o)
    0x0800080c   0x0800080c   0x00000070   Code   RO        11354    .text               c_w.l(_printf_oct_int_ll.o)
    0x0800087c   0x0800087c   0x00000094   Code   RO        11374    .text               c_w.l(_printf_hex_int_ll_ptr.o)
    0x08000910   0x08000910   0x00000188   Code   RO        11394    .text               c_w.l(__printf_flags_ss_wp.o)
    0x08000a98   0x08000a98   0x00000008   Code   RO        11515    .text               c_w.l(rt_errno_addr_intlibspace.o)
    0x08000aa0   0x08000aa0   0x0000008a   Code   RO        11517    .text               c_w.l(lludiv10.o)
    0x08000b2a   0x08000b2a   0x000000b2   Code   RO        11519    .text               c_w.l(_printf_intcommon.o)
    0x08000bdc   0x08000bdc   0x0000041e   Code   RO        11521    .text               c_w.l(_printf_fp_dec.o)
    0x08000ffa   0x08000ffa   0x00000002   PAD
    0x08000ffc   0x08000ffc   0x000002fc   Code   RO        11523    .text               c_w.l(_printf_fp_hex.o)
    0x080012f8   0x080012f8   0x0000002c   Code   RO        11528    .text               c_w.l(_printf_char.o)
    0x08001324   0x08001324   0x0000002c   Code   RO        11530    .text               c_w.l(_printf_wchar.o)
    0x08001350   0x08001350   0x00000040   Code   RO        11533    .text               c_w.l(_wcrtomb.o)
    0x08001390   0x08001390   0x00000008   Code   RO        11535    .text               c_w.l(libspace.o)
    0x08001398   0x08001398   0x0000004a   Code   RO        11538    .text               c_w.l(sys_stackheap_outer.o)
    0x080013e2   0x080013e2   0x00000002   PAD
    0x080013e4   0x080013e4   0x00000010   Code   RO        11540    .text               c_w.l(rt_ctype_table.o)
    0x080013f4   0x080013f4   0x00000008   Code   RO        11545    .text               c_w.l(rt_locale_intlibspace.o)
    0x080013fc   0x080013fc   0x00000080   Code   RO        11547    .text               c_w.l(_printf_fp_infnan.o)
    0x0800147c   0x0800147c   0x000000e4   Code   RO        11549    .text               c_w.l(bigflt0.o)
    0x08001560   0x08001560   0x00000012   Code   RO        11577    .text               c_w.l(exit.o)
    0x08001572   0x08001572   0x00000002   PAD
    0x08001574   0x08001574   0x00000080   Code   RO        11600    .text               c_w.l(strcmpv7m.o)
    0x080015f4   0x080015f4   0x0000000c   Code   RO        11647    .text               c_w.l(sys_exit.o)
    0x08001600   0x08001600   0x00000002   Code   RO        11666    .text               c_w.l(use_no_semi.o)
    0x08001602   0x08001602   0x00000000   Code   RO        11668    .text               c_w.l(indicate_semi.o)
    0x08001602   0x08001602   0x0000003e   Code   RO        11552    CL$$btod_d2e        c_w.l(btod.o)
    0x08001640   0x08001640   0x00000046   Code   RO        11554    CL$$btod_d2e_denorm_low  c_w.l(btod.o)
    0x08001686   0x08001686   0x00000060   Code   RO        11553    CL$$btod_d2e_norm_op1  c_w.l(btod.o)
    0x080016e6   0x080016e6   0x00000338   Code   RO        11562    CL$$btod_div_common  c_w.l(btod.o)
    0x08001a1e   0x08001a1e   0x000000dc   Code   RO        11559    CL$$btod_e2e        c_w.l(btod.o)
    0x08001afa   0x08001afa   0x0000002a   Code   RO        11556    CL$$btod_ediv       c_w.l(btod.o)
    0x08001b24   0x08001b24   0x0000002a   Code   RO        11555    CL$$btod_emul       c_w.l(btod.o)
    0x08001b4e   0x08001b4e   0x00000244   Code   RO        11561    CL$$btod_mult_common  c_w.l(btod.o)
    0x08001d92   0x08001d92   0x00000002   Code   RO          526    i.BusFault_Handler  stm32f4xx_it.o
    0x08001d94   0x08001d94   0x0000002c   Code   RO          527    i.DMA2_Stream5_IRQHandler  stm32f4xx_it.o
    0x08001dc0   0x08001dc0   0x00000020   Code   RO          528    i.DMA2_Stream7_IRQHandler  stm32f4xx_it.o
    0x08001de0   0x08001de0   0x00000002   Code   RO          529    i.DebugMon_Handler  stm32f4xx_it.o
    0x08001de2   0x08001de2   0x00000004   Code   RO           13    i.Error_Handler     main.o
    0x08001de6   0x08001de6   0x00000002   PAD
    0x08001de8   0x08001de8   0x00000028   Code   RO         1667    i.HAL_Delay         stm32f4xx_hal.o
    0x08001e10   0x08001e10   0x00000200   Code   RO         1148    i.HAL_GPIO_Init     stm32f4xx_hal_gpio.o
    0x08002010   0x08002010   0x0000000a   Code   RO         1152    i.HAL_GPIO_WritePin  stm32f4xx_hal_gpio.o
    0x0800201a   0x0800201a   0x00000002   PAD
    0x0800201c   0x0800201c   0x0000000c   Code   RO         1673    i.HAL_GetTick       stm32f4xx_hal.o
    0x08002028   0x08002028   0x000001a8   Code   RO         2123    i.HAL_I2C_Init      stm32f4xx_hal_i2c.o
    0x080021d0   0x080021d0   0x000000ac   Code   RO          309    i.HAL_I2C_MspInit   i2c.o
    0x0800227c   0x0800227c   0x00000010   Code   RO         1679    i.HAL_IncTick       stm32f4xx_hal.o
    0x0800228c   0x0800228c   0x00000034   Code   RO         1680    i.HAL_Init          stm32f4xx_hal.o
    0x080022c0   0x080022c0   0x00000040   Code   RO         1681    i.HAL_InitTick      stm32f4xx_hal.o
    0x08002300   0x08002300   0x00000034   Code   RO          634    i.HAL_MspInit       stm32f4xx_hal_msp.o
    0x08002334   0x08002334   0x00000064   Code   RO         1526    i.HAL_NVIC_SetPriority  stm32f4xx_hal_cortex.o
    0x08002398   0x08002398   0x00000024   Code   RO         1527    i.HAL_NVIC_SetPriorityGrouping  stm32f4xx_hal_cortex.o
    0x080023bc   0x080023bc   0x0000015c   Code   RO          826    i.HAL_RCC_ClockConfig  stm32f4xx_hal_rcc.o
    0x08002518   0x08002518   0x00000020   Code   RO          833    i.HAL_RCC_GetPCLK1Freq  stm32f4xx_hal_rcc.o
    0x08002538   0x08002538   0x00000074   Code   RO          835    i.HAL_RCC_GetSysClockFreq  stm32f4xx_hal_rcc.o
    0x080025ac   0x080025ac   0x00000404   Code   RO          838    i.HAL_RCC_OscConfig  stm32f4xx_hal_rcc.o
    0x080029b0   0x080029b0   0x000000c2   Code   RO         2503    i.HAL_SPI_Init      stm32f4xx_hal_spi.o
    0x08002a72   0x08002a72   0x00000002   PAD
    0x08002a74   0x08002a74   0x000000bc   Code   RO          357    i.HAL_SPI_MspInit   spi.o
    0x08002b30   0x08002b30   0x0000016a   Code   RO         2506    i.HAL_SPI_Receive   stm32f4xx_hal_spi.o
    0x08002c9a   0x08002c9a   0x000001a0   Code   RO         2511    i.HAL_SPI_Transmit  stm32f4xx_hal_spi.o
    0x08002e3a   0x08002e3a   0x00000002   PAD
    0x08002e3c   0x08002e3c   0x00000232   Code   RO         2512    i.HAL_SPI_TransmitReceive  stm32f4xx_hal_spi.o
    0x0800306e   0x0800306e   0x00000002   PAD
    0x08003070   0x08003070   0x0000002c   Code   RO         1531    i.HAL_SYSTICK_Config  stm32f4xx_hal_cortex.o
    0x0800309c   0x0800309c   0x00000002   Code   RO          530    i.HardFault_Handler  stm32f4xx_it.o
    0x0800309e   0x0800309e   0x00000002   PAD
    0x080030a0   0x080030a0   0x00000060   Code   RO          659    i.LL_ADC_CommonInit  stm32f4xx_ll_adc.o
    0x08003100   0x08003100   0x0000003c   Code   RO          664    i.LL_ADC_Init       stm32f4xx_ll_adc.o
    0x0800313c   0x0800313c   0x00000064   Code   RO          665    i.LL_ADC_REG_Init   stm32f4xx_ll_adc.o
    0x080031a0   0x080031a0   0x00000154   Code   RO          743    i.LL_GPIO_Init      stm32f4xx_ll_gpio.o
    0x080032f4   0x080032f4   0x000000a8   Code   RO         1922    i.LL_RCC_GetSystemClocksFreq  stm32f4xx_ll_rcc.o
    0x0800339c   0x0800339c   0x00000034   Code   RO         2839    i.LL_TIM_BDTR_Init  stm32f4xx_ll_tim.o
    0x080033d0   0x080033d0   0x000000cc   Code   RO         2848    i.LL_TIM_Init       stm32f4xx_ll_tim.o
    0x0800349c   0x0800349c   0x00000058   Code   RO          404    i.LL_TIM_OC_DisableFast  tim.o
    0x080034f4   0x080034f4   0x00000058   Code   RO          405    i.LL_TIM_OC_EnablePreload  tim.o
    0x0800354c   0x0800354c   0x000001c8   Code   RO         2849    i.LL_TIM_OC_Init    stm32f4xx_ll_tim.o
    0x08003714   0x08003714   0x00000138   Code   RO         2944    i.LL_USART_Init     stm32f4xx_ll_usart.o
    0x0800384c   0x0800384c   0x00000110   Code   RO          247    i.MX_ADC1_Init      adc.o
    0x0800395c   0x0800395c   0x000000a8   Code   RO          277    i.MX_DMA_Init       dma.o
    0x08003a04   0x08003a04   0x0000012c   Code   RO          223    i.MX_GPIO_Init      gpio.o
    0x08003b30   0x08003b30   0x00000040   Code   RO          310    i.MX_I2C1_Init      i2c.o
    0x08003b70   0x08003b70   0x00000040   Code   RO          311    i.MX_I2C2_Init      i2c.o
    0x08003bb0   0x08003bb0   0x00000048   Code   RO          358    i.MX_SPI1_Init      spi.o
    0x08003bf8   0x08003bf8   0x00000048   Code   RO          359    i.MX_SPI2_Init      spi.o
    0x08003c40   0x08003c40   0x000001f4   Code   RO          406    i.MX_TIM1_Init      tim.o
    0x08003e34   0x08003e34   0x00000110   Code   RO          407    i.MX_TIM2_Init      tim.o
    0x08003f44   0x08003f44   0x000001a0   Code   RO          408    i.MX_TIM3_Init      tim.o
    0x080040e4   0x080040e4   0x000000a8   Code   RO          409    i.MX_TIM6_Init      tim.o
    0x0800418c   0x0800418c   0x000000e8   Code   RO          467    i.MX_UART4_Init     usart.o
    0x08004274   0x08004274   0x000000cc   Code   RO          468    i.MX_UART5_Init     usart.o
    0x08004340   0x08004340   0x00000128   Code   RO          469    i.MX_USART1_UART_Init  usart.o
    0x08004468   0x08004468   0x0000009c   Code   RO          470    i.MX_USART2_UART_Init  usart.o
    0x08004504   0x08004504   0x000000a0   Code   RO          471    i.MX_USART3_UART_Init  usart.o
    0x080045a4   0x080045a4   0x000000a0   Code   RO          472    i.MX_USART6_UART_Init  usart.o
    0x08004644   0x08004644   0x0000004a   Code   RO         3896    i.Matrix3Copy       simple_math.o
    0x0800468e   0x0800468e   0x00000132   Code   RO         3897    i.Matrix3FromEuler  simple_math.o
    0x080047c0   0x080047c0   0x00000040   Code   RO         3898    i.Matrix3Identity   simple_math.o
    0x08004800   0x08004800   0x0000016a   Code   RO         3899    i.Matrix3MulMatrix  simple_math.o
    0x0800496a   0x0800496a   0x0000007a   Code   RO         3900    i.Matrix3MulVector  simple_math.o
    0x080049e4   0x080049e4   0x0000016e   Code   RO         3901    i.Matrix3Normalize  simple_math.o
    0x08004b52   0x08004b52   0x00000146   Code   RO         3902    i.Matrix3Rotate     simple_math.o
    0x08004c98   0x08004c98   0x00000092   Code   RO         3903    i.Matrix3Sub        simple_math.o
    0x08004d2a   0x08004d2a   0x00000070   Code   RO         3904    i.Matrix3ToEuler    simple_math.o
    0x08004d9a   0x08004d9a   0x0000004a   Code   RO         3905    i.Matrix3Transpose  simple_math.o
    0x08004de4   0x08004de4   0x00000002   Code   RO          531    i.MemManage_Handler  stm32f4xx_it.o
    0x08004de6   0x08004de6   0x00000002   Code   RO          532    i.NMI_Handler       stm32f4xx_it.o
    0x08004de8   0x08004de8   0x00000002   Code   RO          533    i.PendSV_Handler    stm32f4xx_it.o
    0x08004dea   0x08004dea   0x0000007a   Code   RO         2538    i.SPI_EndRxTransaction  stm32f4xx_hal_spi.o
    0x08004e64   0x08004e64   0x0000006c   Code   RO         2539    i.SPI_EndRxTxTransaction  stm32f4xx_hal_spi.o
    0x08004ed0   0x08004ed0   0x000000d0   Code   RO         2544    i.SPI_WaitFlagStateUntilTimeout  stm32f4xx_hal_spi.o
    0x08004fa0   0x08004fa0   0x00000002   Code   RO          534    i.SVC_Handler       stm32f4xx_it.o
    0x08004fa2   0x08004fa2   0x00000004   Code   RO          535    i.SysTick_Handler   stm32f4xx_it.o
    0x08004fa6   0x08004fa6   0x00000002   PAD
    0x08004fa8   0x08004fa8   0x00000098   Code   RO           14    i.SystemClock_Config  main.o
    0x08005040   0x08005040   0x00000010   Code   RO         2993    i.SystemInit        system_stm32f4xx.o
    0x08005050   0x08005050   0x00000018   Code   RO          536    i.TIM3_IRQHandler   stm32f4xx_it.o
    0x08005068   0x08005068   0x0000001c   Code   RO          537    i.TIM6_DAC_IRQHandler  stm32f4xx_it.o
    0x08005084   0x08005084   0x00000024   Code   RO          538    i.UART4_IRQHandler  stm32f4xx_it.o
    0x080050a8   0x080050a8   0x00000002   Code   RO          539    i.UsageFault_Handler  stm32f4xx_it.o
    0x080050aa   0x080050aa   0x00000032   Code   RO         3928    i.Vector3Add        simple_math.o
    0x080050dc   0x080050dc   0x0000001a   Code   RO         3929    i.Vector3Copy       simple_math.o
    0x080050f6   0x080050f6   0x00000056   Code   RO         3930    i.Vector3CrossProduct  simple_math.o
    0x0800514c   0x0800514c   0x00000050   Code   RO         3932    i.Vector3Length     simple_math.o
    0x0800519c   0x0800519c   0x000000a8   Code   RO         3934    i.Vector3Normalize  simple_math.o
    0x08005244   0x08005244   0x0000003a   Code   RO         3935    i.Vector3Scale      simple_math.o
    0x0800527e   0x0800527e   0x00000032   Code   RO         3936    i.Vector3Sub        simple_math.o
    0x080052b0   0x080052b0   0x00000018   Code   RO         3937    i.Vector3Zero       simple_math.o
    0x080052c8   0x080052c8   0x00000030   Code   RO        11460    i.__ARM_fpclassify  m_wm.l(fpclassify.o)
    0x080052f8   0x080052f8   0x00000026   Code   RO        11462    i.__ARM_fpclassifyf  m_wm.l(fpclassifyf.o)
    0x0800531e   0x0800531e   0x00000002   PAD
    0x08005320   0x08005320   0x0000012c   Code   RO        11172    i.__hardfp_asinf    m_wm.l(asinf.o)
    0x0800544c   0x0800544c   0x00000006   Code   RO        11465    i.__mathlib_flt_infnan  m_wm.l(funder.o)
    0x08005452   0x08005452   0x00000002   PAD
    0x08005454   0x08005454   0x00000010   Code   RO        11467    i.__mathlib_flt_invalid  m_wm.l(funder.o)
    0x08005464   0x08005464   0x00000010   Code   RO        11470    i.__mathlib_flt_underflow  m_wm.l(funder.o)
    0x08005474   0x08005474   0x0000000e   Code   RO        11387    i._is_digit         c_w.l(__printf_wp.o)
    0x08005482   0x08005482   0x00000002   PAD
    0x08005484   0x08005484   0x0000008c   Code   RO         3425    i.accel_set_sample_rate  icm42688p.o
    0x08005510   0x08005510   0x00000010   Code   RO         3806    i.ahrs_dcm_get_dcm  ahrs_dcm.o
    0x08005520   0x08005520   0x0000002c   Code   RO         3807    i.ahrs_dcm_get_euler  ahrs_dcm.o
    0x0800554c   0x0800554c   0x0000008c   Code   RO         3809    i.ahrs_dcm_init     ahrs_dcm.o
    0x080055d8   0x080055d8   0x000001c4   Code   RO         3814    i.ahrs_dcm_update   ahrs_dcm.o
    0x0800579c   0x0800579c   0x00000214   Code   RO         6192    i.arm_atan2_f32     fastmathfunctions.o
    0x080059b0   0x080059b0   0x00000084   Code   RO         6195    i.arm_cos_f32       fastmathfunctions.o
    0x08005a34   0x08005a34   0x00000080   Code   RO         6200    i.arm_sin_f32       fastmathfunctions.o
    0x08005ab4   0x08005ab4   0x0000006c   Code   RO         4539    i.butter3_filter_init  butter.o
    0x08005b20   0x08005b20   0x000000a8   Code   RO         4540    i.butter3_filter_update  butter.o
    0x08005bc8   0x08005bc8   0x00000184   Code   RO         3123    i.crsf_check_frame  crsf.o
    0x08005d4c   0x08005d4c   0x000000e8   Code   RO         3126    i.crsf_get_channel_norm  crsf.o
    0x08005e34   0x08005e34   0x00000030   Code   RO         3129    i.crsf_process_byte  crsf.o
    0x08005e64   0x08005e64   0x00000068   Code   RO         4325    i.crsf_uart_callback  system.o
    0x08005ecc   0x08005ecc   0x00000098   Code   RO         3132    i.crsf_update_data  crsf.o
    0x08005f64   0x08005f64   0x00000002   Code   RO         4330    i.debug_uart_tx_dma_cplt_callback  system.o
    0x08005f66   0x08005f66   0x00000002   PAD
    0x08005f68   0x08005f68   0x000000a4   Code   RO         3031    i.dshot_configure_dma_burst  dshot.o
    0x0800600c   0x0800600c   0x00000058   Code   RO         3032    i.dshot_disarm      dshot.o
    0x08006064   0x08006064   0x00000030   Code   RO         3033    i.dshot_dma_burst_start  dshot.o
    0x08006094   0x08006094   0x0000001c   Code   RO         3035    i.dshot_dma_cplt_callback  dshot.o
    0x080060b0   0x080060b0   0x00000002   Code   RO         3036    i.dshot_dma_error_callback  dshot.o
    0x080060b2   0x080060b2   0x00000002   PAD
    0x080060b4   0x080060b4   0x00000070   Code   RO         3038    i.dshot_update_channel  dshot.o
    0x08006124   0x08006124   0x000000b8   Code   RO         3039    i.dshot_update_channel_norm  dshot.o
    0x080061dc   0x080061dc   0x0000000c   Code   RO         4333    i.get_system_1khz_tick  system.o
    0x080061e8   0x080061e8   0x000000c4   Code   RO         3431    i.gyro_set_range    icm42688p.o
    0x080062ac   0x080062ac   0x00000090   Code   RO         3432    i.gyro_set_sample_rate  icm42688p.o
    0x0800633c   0x0800633c   0x000004e0   Code   RO         3434    i.icm42688_init     icm42688p.o
    0x0800681c   0x0800681c   0x00000094   Code   RO         3435    i.icm42688_modify_reg  icm42688p.o
    0x080068b0   0x080068b0   0x000001e0   Code   RO         3443    i.icm42688_update   icm42688p.o
    0x08006a90   0x08006a90   0x00000056   Code   RO           15    i.main              main.o
    0x08006ae6   0x08006ae6   0x00000002   PAD
    0x08006ae8   0x08006ae8   0x00000244   Code   RO         4582    i.mixer_update      mixer.o
    0x08006d2c   0x08006d2c   0x00000044   Code   RO         4502    i.param_parse_frame  param.o
    0x08006d70   0x08006d70   0x00000140   Code   RO         4503    i.param_parse_so3_param  param.o
    0x08006eb0   0x08006eb0   0x000000f4   Code   RO         3241    i.si24r1_check_connection  si24r1.o
    0x08006fa4   0x08006fa4   0x000000a8   Code   RO         3242    i.si24r1_check_rx   si24r1.o
    0x0800704c   0x0800704c   0x000002e4   Code   RO         3250    i.si24r1_init       si24r1.o
    0x08007330   0x08007330   0x00000060   Code   RO         3254    i.si24r1_read_reg   si24r1.o
    0x08007390   0x08007390   0x00000060   Code   RO         3265    i.si24r1_write_reg  si24r1.o
    0x080073f0   0x080073f0   0x0000004c   Code   RO         4334    i.slog              system.o
    0x0800743c   0x0800743c   0x00000184   Code   RO         4270    i.so3_controller_control  so3_controller.o
    0x080075c0   0x080075c0   0x00000038   Code   RO         4273    i.so3_controller_set_param  so3_controller.o
    0x080075f8   0x080075f8   0x0000009c   Code   RO         4274    i.so3_controller_update  so3_controller.o
    0x08007694   0x08007694   0x0000003e   Code   RO        11298    i.sqrtf             m_wm.l(sqrtf.o)
    0x080076d2   0x080076d2   0x00000002   PAD
    0x080076d4   0x080076d4   0x00000014   Code   RO         4336    i.system_1khz_timer_callback  system.o
    0x080076e8   0x080076e8   0x0000025c   Code   RO         4338    i.system_init       system.o
    0x08007944   0x08007944   0x00000318   Code   RO         4339    i.system_loop       system.o
    0x08007c5c   0x08007c5c   0x0000001a   Code   RO         3944    i.vee               simple_math.o
    0x08007c76   0x08007c76   0x00000002   PAD
    0x08007c78   0x08007c78   0x0000002c   Code   RO        11575    locale$$code        c_w.l(lc_numeric_c.o)
    0x08007ca4   0x08007ca4   0x0000002c   Code   RO        11594    locale$$code        c_w.l(lc_ctype_c.o)
    0x08007cd0   0x08007cd0   0x0000000a   Code   RO        11662    x$fpl$fpinit        fz_wm.l(fpinit.o)
    0x08007cda   0x08007cda   0x00000004   Code   RO        11434    x$fpl$printf1       fz_wm.l(printf1.o)
    0x08007cde   0x08007cde   0x00000004   Code   RO        11436    x$fpl$printf2       fz_wm.l(printf2.o)
    0x08007ce2   0x08007ce2   0x00000000   Code   RO        11442    x$fpl$usenofp       fz_wm.l(usenofp.o)
    0x08007ce2   0x08007ce2   0x00000016   Data   RO          410    .constdata          tim.o
    0x08007cf8   0x08007cf8   0x00000008   Data   RO          473    .constdata          usart.o
    0x08007d00   0x08007d00   0x00000010   Data   RO         2994    .constdata          system_stm32f4xx.o
    0x08007d10   0x08007d10   0x00000008   Data   RO         2995    .constdata          system_stm32f4xx.o
    0x08007d18   0x08007d18   0x00000008   Data   RO         3041    .constdata          dshot.o
    0x08007d20   0x08007d20   0x0000008a   Data   RO         3446    .constdata          icm42688p.o
    0x08007daa   0x08007daa   0x00000002   PAD
    0x08007dac   0x08007dac   0x00000804   Data   RO         5374    .constdata          commontables.o
    0x080085b0   0x080085b0   0x00000070   Data   RO         6211    .constdata          fastmathfunctions.o
    0x08008620   0x08008620   0x00000008   Data   RO        11346    .constdata          c_w.l(_printf_wctomb.o)
    0x08008628   0x08008628   0x00000028   Data   RO        11375    .constdata          c_w.l(_printf_hex_int_ll_ptr.o)
    0x08008650   0x08008650   0x00000011   Data   RO        11395    .constdata          c_w.l(__printf_flags_ss_wp.o)
    0x08008661   0x08008661   0x00000026   Data   RO        11524    .constdata          c_w.l(_printf_fp_hex.o)
    0x08008687   0x08008687   0x00000001   PAD
    0x08008688   0x08008688   0x00000094   Data   RO        11550    .constdata          c_w.l(bigflt0.o)
    0x0800871c   0x0800871c   0x00000020   Data   RO        11720    Region$$Table       anon$$obj.o
    0x0800873c   0x0800873c   0x0000001c   Data   RO        11574    locale$$data        c_w.l(lc_numeric_c.o)
    0x08008758   0x08008758   0x00000110   Data   RO        11593    locale$$data        c_w.l(lc_ctype_c.o)


    Execution Region RW_IRAM1 (Exec base: 0x20000000, Load base: 0x08008868, Size: 0x000010b0, Max: 0x0001c000, ABSOLUTE)

    Exec Addr    Load Addr    Size         Type   Attr      Idx    E Section Name        Object

    0x20000000   0x08008868   0x0000000c   Data   RW         1687    .data               stm32f4xx_hal.o
    0x2000000c   0x08008874   0x00000004   Data   RW         2996    .data               system_stm32f4xx.o
    0x20000010   0x08008878   0x00000008   Data   RW         3135    .data               crsf.o
    0x20000018   0x08008880   0x0000000a   Data   RW         3269    .data               si24r1.o
    0x20000022   0x0800888a   0x00000002   PAD
    0x20000024   0x0800888c   0x00000020   Data   RW         3447    .data               icm42688p.o
    0x20000044   0x080088ac   0x00000010   Data   RW         3816    .data               ahrs_dcm.o
    0x20000054   0x080088bc   0x00000088   Data   RW         4344    .data               system.o
    0x200000dc   0x08008944   0x00000020   Data   RW         4583    .data               mixer.o
    0x200000fc        -       0x000000a8   Zero   RW          312    .bss                i2c.o
    0x200001a4        -       0x000000b0   Zero   RW          360    .bss                spi.o
    0x20000254        -       0x00000120   Zero   RW         3040    .bss                dshot.o
    0x20000374        -       0x0000008c   Zero   RW         3134    .bss                crsf.o
    0x20000400        -       0x0000001e   Zero   RW         3445    .bss                icm42688p.o
    0x2000041e   0x08008964   0x00000002   PAD
    0x20000420        -       0x0000015c   Zero   RW         3815    .bss                ahrs_dcm.o
    0x2000057c        -       0x00000054   Zero   RW         4275    .bss                so3_controller.o
    0x200005d0        -       0x00000480   Zero   RW         4340    .bss                system.o
    0x20000a50        -       0x00000060   Zero   RW        11536    .bss                c_w.l(libspace.o)
    0x20000ab0        -       0x00000200   Zero   RW            2    HEAP                startup_stm32f405xx.o
    0x20000cb0        -       0x00000400   Zero   RW            1    STACK               startup_stm32f405xx.o


    Execution Region RW_IRAM2 (Exec base: 0x2001c000, Load base: 0x08008964, Size: 0x00000000, Max: 0x00004000, ABSOLUTE)

    **** No section assigned to this execution region ****


==============================================================================

Image component sizes


      Code (inc. data)   RO Data    RW Data    ZI Data      Debug   Object Name

       272         22          0          0          0      48275   adc.o
       652        126          0         16        348       5200   ahrs_dcm.o
       276          6          0          0          0       2162   butter.o
         0          0       2052          0          0      13601   commontables.o
       820         46          0          8        140       8415   crsf.o
       168         20          0          0          0      36561   dma.o
       626         66          8          0        288      47884   dshot.o
       792         58        112          0          0       6812   fastmathfunctions.o
       300         18          0          0          0       1075   gpio.o
       300         40          0          0        168       2378   i2c.o
      2356        166        138         32         30      15630   icm42688p.o
       242         10          0          0          0     643238   main.o
       580         14          0         32          0       1899   mixer.o
       388          4          0          0          0       2280   param.o
      1344        106          0         10          0       9888   si24r1.o
      2520         26          0          0          0      20814   simple_math.o
       600         14          0          0         84       4276   so3_controller.o
       332         40          0          0        176       2414   spi.o
        64         26        392          0       1536        844   startup_stm32f405xx.o
       184         30          0         12          0       9409   stm32f4xx_hal.o
       180         16          0          0          0      32690   stm32f4xx_hal_cortex.o
       522         18          0          0          0       2088   stm32f4xx_hal_gpio.o
       424         16          0          0          0       4355   stm32f4xx_hal_i2c.o
        52         10          0          0          0        870   stm32f4xx_hal_msp.o
      1524         92          0          0          0       4873   stm32f4xx_hal_rcc.o
      1972         14          0          0          0       8663   stm32f4xx_hal_spi.o
       184         38          0          0          0       6713   stm32f4xx_it.o
       256         16          0          0          0      53712   stm32f4xx_ll_adc.o
       340          0          0          0          0       7231   stm32f4xx_ll_gpio.o
       168         26          0          0          0      25236   stm32f4xx_ll_rcc.o
       712         32          0          0          0      33622   stm32f4xx_ll_tim.o
       312          6          0          0          0      15916   stm32f4xx_ll_usart.o
      1610        324          0        136       1152      55793   system.o
        16          4         24          4          0       1127   system_stm32f4xx.o
      1532        114         22          0          0      52684   tim.o
      1208        140          8          0          0      18920   usart.o

    ----------------------------------------------------------------------
     23850       1704       2790        252       3924    1207548   Object Totals
         0          0         32          0          0          0   (incl. Generated)
        22          0          2          2          2          0   (incl. Padding)

    ----------------------------------------------------------------------

      Code (inc. data)   RO Data    RW Data    ZI Data      Debug   Library Member Name

         8          0          0          0          0         68   __main.o
       392          4         17          0          0         92   __printf_flags_ss_wp.o
        14          0          0          0          0         68   __printf_wp.o
         0          0          0          0          0          0   __rtentry.o
        12          0          0          0          0          0   __rtentry2.o
         6          0          0          0          0          0   __rtentry4.o
        52          8          0          0          0          0   __scatter.o
        26          0          0          0          0          0   __scatter_copy.o
        28          0          0          0          0          0   __scatter_zi.o
         6          0          0          0          0          0   _printf_a.o
         6          0          0          0          0          0   _printf_c.o
        44          0          0          0          0        108   _printf_char.o
        48          6          0          0          0         96   _printf_char_common.o
        40          0          0          0          0         68   _printf_charcount.o
         6          0          0          0          0          0   _printf_d.o
       120         16          0          0          0         92   _printf_dec.o
         6          0          0          0          0          0   _printf_e.o
         6          0          0          0          0          0   _printf_f.o
      1054          0          0          0          0        216   _printf_fp_dec.o
       764          8         38          0          0        100   _printf_fp_hex.o
       128         16          0          0          0         84   _printf_fp_infnan.o
         6          0          0          0          0          0   _printf_g.o
       148          4         40          0          0        160   _printf_hex_int_ll_ptr.o
         6          0          0          0          0          0   _printf_i.o
       178          0          0          0          0         88   _printf_intcommon.o
        10          0          0          0          0          0   _printf_l.o
         6          0          0          0          0          0   _printf_lc.o
        10          0          0          0          0          0   _printf_ll.o
         6          0          0          0          0          0   _printf_lld.o
         6          0          0          0          0          0   _printf_lli.o
         6          0          0          0          0          0   _printf_llo.o
         6          0          0          0          0          0   _printf_llu.o
         6          0          0          0          0          0   _printf_llx.o
       124         16          0          0          0         92   _printf_longlong_dec.o
         6          0          0          0          0          0   _printf_ls.o
         6          0          0          0          0          0   _printf_n.o
         6          0          0          0          0          0   _printf_o.o
       112         10          0          0          0        124   _printf_oct_int_ll.o
         6          0          0          0          0          0   _printf_p.o
        78          0          0          0          0        108   _printf_pad.o
         0          0          0          0          0          0   _printf_percent.o
         4          0          0          0          0          0   _printf_percent_end.o
         6          0          0          0          0          0   _printf_s.o
        82          0          0          0          0         80   _printf_str.o
        36          0          0          0          0         84   _printf_truncate.o
         6          0          0          0          0          0   _printf_u.o
        44          0          0          0          0        108   _printf_wchar.o
       188          6          8          0          0         92   _printf_wctomb.o
         6          0          0          0          0          0   _printf_x.o
        22          0          0          0          0        100   _rserrno.o
        16          0          0          0          0         68   _snputc.o
        10          0          0          0          0         68   _sputc.o
        64          0          0          0          0         92   _wcrtomb.o
       228          4        148          0          0         96   bigflt0.o
      1936        128          0          0          0        672   btod.o
        18          0          0          0          0         80   exit.o
         6          0          0          0          0        152   heapauxi.o
         0          0          0          0          0          0   indicate_semi.o
        44         10        272          0          0         76   lc_ctype_c.o
        44         10         28          0          0         76   lc_numeric_c.o
         2          0          0          0          0          0   libinit.o
        34          0          0          0          0          0   libinit2.o
         2          0          0          0          0          0   libshutdown.o
         2          0          0          0          0          0   libshutdown2.o
         8          4          0          0         96         68   libspace.o
       138          0          0          0          0         80   lludiv10.o
       238          0          0          0          0        100   lludivv7m.o
        16          4          0          0          0         76   rt_ctype_table.o
         8          4          0          0          0         68   rt_errno_addr_intlibspace.o
         8          4          0          0          0         68   rt_locale_intlibspace.o
        68          0          0          0          0         68   rt_memclr.o
        78          0          0          0          0         80   rt_memclr_w.o
         2          0          0          0          0          0   rtexit.o
        10          0          0          0          0          0   rtexit2.o
       128          0          0          0          0         68   strcmpv7m.o
        62          0          0          0          0         76   strlen.o
        12          4          0          0          0         68   sys_exit.o
        74          0          0          0          0         80   sys_stackheap_outer.o
         2          0          0          0          0         68   use_no_semi.o
        52          4          0          0          0         80   vsnprintf.o
        10          0          0          0          0        116   fpinit.o
         4          0          0          0          0        116   printf1.o
         4          0          0          0          0        116   printf2.o
         0          0          0          0          0          0   usenofp.o
       300         42          0          0          0        176   asinf.o
        48          0          0          0          0        124   fpclassify.o
        38          0          0          0          0        116   fpclassifyf.o
        38         12          0          0          0        348   funder.o
        62          0          0          0          0        136   sqrtf.o

    ----------------------------------------------------------------------
      7728        324        552          0         96       5704   Library Totals
        22          0          1          0          0          0   (incl. Padding)

    ----------------------------------------------------------------------

      Code (inc. data)   RO Data    RW Data    ZI Data      Debug   Library Name

      7202        270        551          0         96       4456   c_w.l
        18          0          0          0          0        348   fz_wm.l
       486         54          0          0          0        900   m_wm.l

    ----------------------------------------------------------------------
      7728        324        552          0         96       5704   Library Totals

    ----------------------------------------------------------------------

==============================================================================


      Code (inc. data)   RO Data    RW Data    ZI Data      Debug   

     31578       2028       3342        252       4020    1198308   Grand Totals
     31578       2028       3342        252       4020    1198308   ELF Image Totals
     31578       2028       3342        252          0          0   ROM Totals

==============================================================================

    Total RO  Size (Code + RO Data)                34920 (  34.10kB)
    Total RW  Size (RW Data + ZI Data)              4272 (   4.17kB)
    Total ROM Size (Code + RO Data + RW Data)      35172 (  34.35kB)

==============================================================================

